Info: Generated by version: 25.3 build 109
Info: Starting: Create simulation model
Info: qsys-generate /nfs/site/disks/swuser_work_knithink/25.3/git/release/agilex5e-nios-ed/niosv_g/niosv_g_webserver_ping/sources/hw/sys_pll.ip --simulation=VERILOG --allow-mixed-language-simulation --simulator=MODELSIM --output-directory=/nfs/site/disks/swuser_work_knithink/25.3/git/release/agilex5e-nios-ed/niosv_g/niosv_g_webserver_ping/sources/hw/sys_pll --family="Agilex 5" --part=A5ED065BB32AE6SR0
Warning: iopll_0: Used altera_iopll 21.0.0 (instead of 20.0.0)
Info: sys_pll.iopll_0: Able to implement PLL with user settings
Info: sys_pll: "Transforming system: sys_pll"
Info: sys_pll: "Naming system components in system: sys_pll"
Info: sys_pll: "Processing generation queue"
Info: sys_pll: "Generating: sys_pll"
Info: sys_pll: "Generating: sys_pll_altera_iopll_2100_t2lzfza"
Info: sys_pll: Done "sys_pll" with 2 modules, 2 files
Info: Generating the following file(s) for MODELSIM simulator in /nfs/site/disks/swuser_work_knithink/25.3/git/release/agilex5e-nios-ed/niosv_g/niosv_g_webserver_ping/sources/hw/sys_pll/sim/ directory:
Info: 	common/modelsim_files.tcl
Info: For information on how to simulate your IP, see the explanatory comments in the simulator-specific subdirectories under /nfs/site/disks/swuser_work_knithink/25.3/git/release/agilex5e-nios-ed/niosv_g/niosv_g_webserver_ping/sources/hw/sys_pll/sim/.
Info: Regenerate these scripts whenever you make any change to any Quartus-generated IP in your project.
Info: Finished: Create simulation model
Info: Starting: Create simulation script
Info: sim-script-gen --system-file=/nfs/site/disks/swuser_work_knithink/25.3/git/release/agilex5e-nios-ed/niosv_g/niosv_g_webserver_ping/sources/hw/sys_pll.ip --simulator=MODELSIM --output-directory=/nfs/site/disks/swuser_work_knithink/25.3/git/release/agilex5e-nios-ed/niosv_g/niosv_g_webserver_ping/sources/hw/sys_pll/sim/ --use-relative-paths=true
Info: Generating the following file(s) for MODELSIM simulator in /nfs/site/disks/swuser_work_knithink/25.3/git/release/agilex5e-nios-ed/niosv_g/niosv_g_webserver_ping/sources/hw/sys_pll/sim/ directory:
Info: 	mentor/msim_setup.tcl
Info: 	mentor/run_msim_setup.tcl
Info: For information on how to simulate your IP, see the explanatory comments in the simulator-specific subdirectories under /nfs/site/disks/swuser_work_knithink/25.3/git/release/agilex5e-nios-ed/niosv_g/niosv_g_webserver_ping/sources/hw/sys_pll/sim/.
Info: Regenerate these scripts whenever you make any change to any Quartus-generated IP in your project.
Info: Finished: Create simulation script
Info: 
Info: Starting: Create HDL design files for synthesis
Info: qsys-generate /nfs/site/disks/swuser_work_knithink/25.3/git/release/agilex5e-nios-ed/niosv_g/niosv_g_webserver_ping/sources/hw/sys_pll.ip --synthesis=VERILOG --output-directory=/nfs/site/disks/swuser_work_knithink/25.3/git/release/agilex5e-nios-ed/niosv_g/niosv_g_webserver_ping/sources/hw/sys_pll --family="Agilex 5" --part=A5ED065BB32AE6SR0
Warning: iopll_0: Used altera_iopll 21.0.0 (instead of 20.0.0)
Info: sys_pll.iopll_0: Able to implement PLL with user settings
Info: sys_pll: "Transforming system: sys_pll"
Info: sys_pll: "Naming system components in system: sys_pll"
Info: sys_pll: "Processing generation queue"
Info: sys_pll: "Generating: sys_pll"
Info: sys_pll: "Generating: sys_pll_altera_iopll_2100_t2lzfza"
Info: sys_pll: Done "sys_pll" with 2 modules, 6 files
Info: Finished: Create HDL design files for synthesis
