Fitter Finalize Stage Report for top
Tue Oct 28 04:30:49 2025
Quartus Prime Version 25.3.0 Build 109 09/24/2025 SC Pro Edition


---------------------
; Table of Contents ;
---------------------
  1. Legal Notice
  2. Routing Usage Summary
  3. Finalize Messages



----------------
; Legal Notice ;
----------------
Copyright (C) 2025  Altera Corporation. All rights reserved.
Your use of Altera Corporation's design tools, logic functions 
and other software and tools, and any partner logic 
functions, and any output files from any of the foregoing 
(including device programming or simulation files), and any 
associated documentation or information are expressly subject 
to the terms and conditions of the Altera Program License 
Subscription Agreement, the Altera Quartus Prime License Agreement,
the Altera IP License Agreement, or other applicable license
agreement, including, without limitation, that your use is for
the sole purpose of programming logic devices manufactured by
Altera and sold by Altera or its authorized distributors.  Please
refer to the Altera Software License Subscription Agreements 
on the Quartus Prime software download page.



+--------------------------------------------------------------------+
; Routing Usage Summary                                              ;
+--------------------------------------+-----------------------------+
; Routing Resource Type                ; Usage                       ;
+--------------------------------------+-----------------------------+
; Block Input Mux Wrapbacks            ; 42 / 197,400 ( < 1 % )      ;
; Block Input Muxes                    ; 113,750 / 2,278,560 ( 5 % ) ;
; Block interconnects                  ; 92,935 / 2,391,360 ( 4 % )  ;
; C1 interconnects                     ; 51,175 / 1,071,360 ( 5 % )  ;
; C4 interconnects                     ; 26,494 / 1,049,040 ( 3 % )  ;
; C8 interconnects                     ; 5,090 / 104,904 ( 5 % )     ;
; DCM_muxes                            ; 2 / 456 ( < 1 % )           ;
; DELAY_CHAINs                         ; 0 / 4,306 ( 0 % )           ;
; Direct links                         ; 8,881 / 2,391,360 ( < 1 % ) ;
; HIO Buffers                          ; 11 / 31,584 ( < 1 % )       ;
; IO12PHYTOP_LOGIC_INPUTs              ; 1 / 416 ( < 1 % )           ;
; IO12PHYTOP_LOGIC_OUTPUTs             ; 1 / 960 ( < 1 % )           ;
; IO75XDDRFMXCKTREE_CLKDRV_BIG_VCO_REs ; 0 / 16 ( 0 % )              ;
; IO75XDDRFMXCKTREE_CLKDRV_GM0_REs     ; 0 / 16 ( 0 % )              ;
; IO75XDDRFMXCKTREE_CLKDRV_VCO_INPUTs  ; 0 / 8 ( 0 % )               ;
; IO75XDDRFMXCKTREE_CLKDRV_VCO_OUTPUTs ; 0 / 8 ( 0 % )               ;
; IO75XDDRFMXCKTREE_FB_MUX31_REs       ; 0 / 48 ( 0 % )              ;
; IOFBRADAPT_C2P_BUF_INPUTs            ; 0 / 132 ( 0 % )             ;
; IOFBRADAPT_C2P_BUF_OUTPUTs           ; 0 / 132 ( 0 % )             ;
; IOFBRADAPT_FRZ_BUFS_REs              ; 0 / 616 ( 0 % )             ;
; IOFBRADAPT_P2C_BUF_INPUTs            ; 0 / 284 ( 0 % )             ;
; IOFBRADAPT_P2C_BUF_OUTPUTs           ; 0 / 284 ( 0 % )             ;
; Programmable Invert Buffers          ; 0 / 320 ( 0 % )             ;
; Programmable Invert Inputs           ; 2,925 / 214,170 ( 1 % )     ;
; Programmable Inverts                 ; 2,925 / 214,170 ( 1 % )     ;
; R0 interconnects                     ; 68,431 / 1,835,820 ( 4 % )  ;
; R1 interconnects                     ; 32,640 / 1,049,040 ( 3 % )  ;
; R12 interconnects                    ; 5,053 / 157,356 ( 3 % )     ;
; R2 interconnects                     ; 12,206 / 527,340 ( 2 % )    ;
; R4 interconnects                     ; 9,991 / 532,980 ( 2 % )     ;
; R6 interconnects                     ; 17,546 / 535,800 ( 3 % )    ;
; Redundancy Muxes                     ; 32 / 62,248 ( < 1 % )       ;
; Row Clock Tap-Offs                   ; 2,308 / 157,356 ( 1 % )     ;
; Switchbox_clock_muxes                ; 32 / 5,120 ( < 1 % )        ;
; VIO Buffers                          ; 5 / 12,800 ( < 1 % )        ;
; Vertical_seam_tap_muxes              ; 27 / 2,304 ( 1 % )          ;
+--------------------------------------+-----------------------------+


+-------------------+
; Finalize Messages ;
+-------------------+
Info (20030): Parallel compilation is enabled and will use 24 of the 32 processors detected
Info: *******************************************************************
Info: Running Quartus Prime Fitter
    Info: Version 25.3.0 Build 109 09/24/2025 SC Pro Edition
    Info: Copyright (C) 2025  Altera Corporation. All rights reserved.
    Info: Your use of Altera Corporation's design tools, logic functions 
    Info: and other software and tools, and any partner logic 
    Info: functions, and any output files from any of the foregoing 
    Info: (including device programming or simulation files), and any 
    Info: associated documentation or information are expressly subject 
    Info: to the terms and conditions of the Altera Program License 
    Info: Subscription Agreement, the Altera Quartus Prime License Agreement,
    Info: the Altera IP License Agreement, or other applicable license
    Info: agreement, including, without limitation, that your use is for
    Info: the sole purpose of programming logic devices manufactured by
    Info: Altera and sold by Altera or its authorized distributors.  Please
    Info: refer to the Altera Software License Subscription Agreements 
    Info: on the Quartus Prime software download page.
    Info: Processing started: Tue Oct 28 04:20:33 2025
    Info: System process ID: 53749
Info: Command: quartus_fit top.qpf
Info: Using INI file /nfs/site/home/knithink/.altera.quartus/quartus.ini
Info: qfit2_default_script.tcl version: #1
Info: Project  = top
Info: Revision = top
Info (21076): High junction temperature operating condition is not set. Assuming a default value of '100'.
Info (21076): Low junction temperature operating condition is not set. Assuming a default value of '0'.
Info (18258): Fitter Physical Synthesis operations beginning
Info (18259): Fitter Physical Synthesis operations ending: elapsed time is 00:00:02
Info (24604): Global preservation of unused transceiver channels is enabled. All unused transceiver channels will be preserved.
Info (16557): Fitter post-fit operations ending: elapsed time is 00:00:40


