------------------------------------------------------------
Timing Analyzer Summary
------------------------------------------------------------

Type  : Setup 'sys_pll_inst|iopll_0_outclk0'
Slack : 0.253
TNS   : 0.000
Corner: Slow fix6 0C Model

Type  : Hold 'sys_pll_inst|iopll_0_outclk0'
Slack : 0.002
TNS   : 0.000
Corner: Fast fix6 0C Model

Type  : Recovery 'sys_pll_inst|iopll_0_outclk0'
Slack : 6.622
TNS   : 0.000
Corner: Slow fix6 0C Model

Type  : Removal 'sys_pll_inst|iopll_0_outclk0'
Slack : 0.175
TNS   : 0.000
Corner: Fast fix6 0C Model

Type  : Minimum Pulse Width 'internal_clk'
Slack : 2.398
TNS   : 0.000
Corner: Slow fix6a 0C Model

Type  : Minimum Pulse Width 'sys_pll_inst|iopll_0_outclk0'
Slack : 4.154
TNS   : 0.000
Corner: Slow fix6a 0C Model

Type  : Minimum Pulse Width 'sys_pll_inst|iopll_0|tennm_ph2_iopll|ref_clk0'
Slack : 4.248
TNS   : 0.000
Corner: Slow fix6 0C Model

Type  : Minimum Pulse Width 'sys_pll_inst|iopll_0_refclk'
Slack : 4.789
TNS   : 0.000
Corner: Slow fix6 100C Model

Type  : Minimum Pulse Width 'sys_pll_inst|iopll_0_m_cnt_clk'
Slack : 4.834
TNS   : 0.000
Corner: Slow fix6 0C Model

Type  : Minimum Pulse Width 'sys_pll_inst|iopll_0_n_cnt_clk'
Slack : 4.914
TNS   : 0.000
Corner: Slow fix6 0C Model

Type  : Net Delay 'set_net_delay'
Slack : 3.226

Type  : Net Delay 'set_net_delay'
Slack : 3.484

Type  : Net Delay 'set_net_delay'
Slack : 7.074

Type  : Net Delay 'set_net_delay'
Slack : 7.131

Type  : Net Delay 'set_net_delay'
Slack : 7.159

Type  : Net Delay 'set_net_delay'
Slack : Invalid clock

Type  : Net Delay 'set_net_delay'
Slack : Invalid clock

Type  : Net Delay 'set_net_delay'
Slack : Invalid clock

------------------------------------------------------------
