Logic Generation Report
Wed Oct 22 04:21:53 2025
Quartus Prime Version 25.3.0 Build 109 09/24/2025 SC Pro Edition


---------------------
; Table of Contents ;
---------------------
  1. Flow Summary
  2. Flow Settings
  3. Flow Non-Default Global Settings
  4. Flow Elapsed Time
  5. Flow OS Summary
  6. Flow Log
  7. Legal Notice
  8. Settings
  9. Generation Stages
 10. Logic Generation Tool Settings
 11. Logic Generation Tool Detected IP Report
 12. Logic Generation Tool Dual Simplex User Assignment Report
 13. Logic Generation Tool Dual Simplex IP Configuration Report
 14. Logic Generation Tool Dual Simplex IP Report
 15. Logic Generation Tool Dynamic Reconfiguration User Assignment Report
 16. Logic Generation Tool Dynamic Reconfiguration IP Configuration Report
 17. Logic Generation Tool Dynamic Reconfiguration IP Report
 18. Flow Messages
 19. Flow Suppressed Messages



+------------------------------------------------------------------------------+
; Flow Summary                                                                 ;
+---------------------------------+--------------------------------------------+
; Flow Status                     ; Successful - Wed Oct 22 04:21:50 2025      ;
; Quartus Prime Version           ; 25.3.0 Build 109 09/24/2025 SC Pro Edition ;
; Revision Name                   ; top                                        ;
; Top-level Entity Name           ; top                                        ;
; Family                          ; Agilex 5                                   ;
; Device                          ; A5ED065BB32AE6SR0                          ;
; Timing Models                   ; Preliminary                                ;
; Power Models                    ; Preliminary                                ;
; Device Status                   ; Preliminary                                ;
; Logic utilization (in ALMs)     ; 10,592 / 222,400 ( 5 % )                   ;
; Total dedicated logic registers ; 13734                                      ;
; Total pins                      ; 21 / 624 ( 3 % )                           ;
; Total block memory bits         ; 16,949,024 / 32,993,280 ( 51 % )           ;
; Total RAM Blocks                ; 1,052 / 1,611 ( 65 % )                     ;
; Total DSP Blocks                ; 2 / 846 ( < 1 % )                          ;
; Total GTS Transceiver Channels  ; 0 / 24 ( 0 % )                             ;
; Total HSSI Ethernet Channels    ; 0 / 6 ( 0 % )                              ;
; Total HSSI PCIEs                ; 0 / 6 ( 0 % )                              ;
; Total HSSI HPS                  ; 0 / 1 ( 0 % )                              ;
; Total PLLs                      ; 1 / 15 ( 7 % )                             ;
+---------------------------------+--------------------------------------------+


+-----------------------------------------+
; Flow Settings                           ;
+-------------------+---------------------+
; Option            ; Setting             ;
+-------------------+---------------------+
; Start date & time ; 10/22/2025 04:05:18 ;
; Main task         ; Compilation         ;
; Revision Name     ; top                 ;
+-------------------+---------------------+


+------------------------------------------------------------------------------------------------------------------------------------------------------------------------------------------------------------------------------------------------------------------------------------------------+
; Flow Non-Default Global Settings                                                                                                                                                                                                                                                               ;
+----------------------------+-----------------------------------------------------------------------------------------------------------------------------------------------------------------------------------------------------+------------------------------+-------------+----------------+
; Assignment Name            ; Value                                                                                                                                                                                               ; Default Value                ; Entity Name ; Section Id     ;
+----------------------------+-----------------------------------------------------------------------------------------------------------------------------------------------------------------------------------------------------+------------------------------+-------------+----------------+
; COMPILER_SIGNATURE_ID      ; 189250944834168.176113111942176                                                                                                                                                                     ; --                           ; --          ; --             ;
; EDA_OUTPUT_DATA_FORMAT     ; Verilog Hdl                                                                                                                                                                                         ; --                           ; --          ; eda_simulation ;
; EDA_SIMULATION_TOOL        ; ModelSim-Altera (Verilog)                                                                                                                                                                           ; Questa Altera FPGA (Verilog) ; --          ; --             ;
; EDA_TIME_SCALE             ; 1 ps                                                                                                                                                                                                ; --                           ; --          ; eda_simulation ;
; ENABLE_SIGNALTAP           ; On                                                                                                                                                                                                  ; --                           ; --          ; --             ;
; MISC_FILE                  ; /nfs/site/disks/swuser_work_knithink/25.3/git/release/agilex5e-nios-ed/niosv_g/niosv_g_webserver_ping/sources/hw/dni/sandboxes/asccf06273700_42176_0/sld/ipgen/alt_sld_fab_0/alt_sld_fab_0.cmp      ; --                           ; --          ; --             ;
; MISC_FILE                  ; /nfs/site/disks/swuser_work_knithink/25.3/git/release/agilex5e-nios-ed/niosv_g/niosv_g_webserver_ping/sources/hw/dni/sandboxes/asccf06273700_42176_0/sld/ipgen/alt_sld_fab_0.ip                     ; --                           ; --          ; --             ;
; MISC_FILE                  ; /nfs/site/disks/swuser_work_knithink/25.3/git/release/agilex5e-nios-ed/niosv_g/niosv_g_webserver_ping/sources/hw/ip/qsys_top/qsys_top_clock_bridge_0/qsys_top_clock_bridge_0.cmp                    ; --                           ; --          ; --             ;
; MISC_FILE                  ; /nfs/site/disks/swuser_work_knithink/25.3/git/release/agilex5e-nios-ed/niosv_g/niosv_g_webserver_ping/sources/hw/ip/qsys_top/qsys_top_clock_bridge_0.ip                                             ; --                           ; --          ; --             ;
; MISC_FILE                  ; /nfs/site/disks/swuser_work_knithink/25.3/git/release/agilex5e-nios-ed/niosv_g/niosv_g_webserver_ping/sources/hw/ip/qsys_top/qsys_top_intel_eth_tse_0/qsys_top_intel_eth_tse_0.cmp                  ; --                           ; --          ; --             ;
; MISC_FILE                  ; /nfs/site/disks/swuser_work_knithink/25.3/git/release/agilex5e-nios-ed/niosv_g/niosv_g_webserver_ping/sources/hw/ip/qsys_top/qsys_top_intel_eth_tse_0.ip                                            ; --                           ; --          ; --             ;
; MISC_FILE                  ; /nfs/site/disks/swuser_work_knithink/25.3/git/release/agilex5e-nios-ed/niosv_g/niosv_g_webserver_ping/sources/hw/ip/qsys_top/qsys_top_intel_niosv_g_0/qsys_top_intel_niosv_g_0.cmp                  ; --                           ; --          ; --             ;
; MISC_FILE                  ; /nfs/site/disks/swuser_work_knithink/25.3/git/release/agilex5e-nios-ed/niosv_g/niosv_g_webserver_ping/sources/hw/ip/qsys_top/qsys_top_intel_niosv_g_0.ip                                            ; --                           ; --          ; --             ;
; MISC_FILE                  ; /nfs/site/disks/swuser_work_knithink/25.3/git/release/agilex5e-nios-ed/niosv_g/niosv_g_webserver_ping/sources/hw/ip/qsys_top/qsys_top_intel_onchip_memory_0/qsys_top_intel_onchip_memory_0.cmp      ; --                           ; --          ; --             ;
; MISC_FILE                  ; /nfs/site/disks/swuser_work_knithink/25.3/git/release/agilex5e-nios-ed/niosv_g/niosv_g_webserver_ping/sources/hw/ip/qsys_top/qsys_top_intel_onchip_memory_0.ip                                      ; --                           ; --          ; --             ;
; MISC_FILE                  ; /nfs/site/disks/swuser_work_knithink/25.3/git/release/agilex5e-nios-ed/niosv_g/niosv_g_webserver_ping/sources/hw/ip/qsys_top/qsys_top_intel_onchip_memory_1/qsys_top_intel_onchip_memory_1.cmp      ; --                           ; --          ; --             ;
; MISC_FILE                  ; /nfs/site/disks/swuser_work_knithink/25.3/git/release/agilex5e-nios-ed/niosv_g/niosv_g_webserver_ping/sources/hw/ip/qsys_top/qsys_top_intel_onchip_memory_1.ip                                      ; --                           ; --          ; --             ;
; MISC_FILE                  ; /nfs/site/disks/swuser_work_knithink/25.3/git/release/agilex5e-nios-ed/niosv_g/niosv_g_webserver_ping/sources/hw/ip/qsys_top/qsys_top_jtag_uart_0/qsys_top_jtag_uart_0.cmp                          ; --                           ; --          ; --             ;
; MISC_FILE                  ; /nfs/site/disks/swuser_work_knithink/25.3/git/release/agilex5e-nios-ed/niosv_g/niosv_g_webserver_ping/sources/hw/ip/qsys_top/qsys_top_jtag_uart_0.ip                                                ; --                           ; --          ; --             ;
; MISC_FILE                  ; /nfs/site/disks/swuser_work_knithink/25.3/git/release/agilex5e-nios-ed/niosv_g/niosv_g_webserver_ping/sources/hw/ip/qsys_top/qsys_top_msgdma_0/qsys_top_msgdma_0.cmp                                ; --                           ; --          ; --             ;
; MISC_FILE                  ; /nfs/site/disks/swuser_work_knithink/25.3/git/release/agilex5e-nios-ed/niosv_g/niosv_g_webserver_ping/sources/hw/ip/qsys_top/qsys_top_msgdma_0.ip                                                   ; --                           ; --          ; --             ;
; MISC_FILE                  ; /nfs/site/disks/swuser_work_knithink/25.3/git/release/agilex5e-nios-ed/niosv_g/niosv_g_webserver_ping/sources/hw/ip/qsys_top/qsys_top_msgdma_1/qsys_top_msgdma_1.cmp                                ; --                           ; --          ; --             ;
; MISC_FILE                  ; /nfs/site/disks/swuser_work_knithink/25.3/git/release/agilex5e-nios-ed/niosv_g/niosv_g_webserver_ping/sources/hw/ip/qsys_top/qsys_top_msgdma_1.ip                                                   ; --                           ; --          ; --             ;
; MISC_FILE                  ; /nfs/site/disks/swuser_work_knithink/25.3/git/release/agilex5e-nios-ed/niosv_g/niosv_g_webserver_ping/sources/hw/ip/qsys_top/qsys_top_pio_0/qsys_top_pio_0.cmp                                      ; --                           ; --          ; --             ;
; MISC_FILE                  ; /nfs/site/disks/swuser_work_knithink/25.3/git/release/agilex5e-nios-ed/niosv_g/niosv_g_webserver_ping/sources/hw/ip/qsys_top/qsys_top_pio_0.ip                                                      ; --                           ; --          ; --             ;
; MISC_FILE                  ; /nfs/site/disks/swuser_work_knithink/25.3/git/release/agilex5e-nios-ed/niosv_g/niosv_g_webserver_ping/sources/hw/ip/qsys_top/qsys_top_reset_bridge_0/qsys_top_reset_bridge_0.cmp                    ; --                           ; --          ; --             ;
; MISC_FILE                  ; /nfs/site/disks/swuser_work_knithink/25.3/git/release/agilex5e-nios-ed/niosv_g/niosv_g_webserver_ping/sources/hw/ip/qsys_top/qsys_top_reset_bridge_0.ip                                             ; --                           ; --          ; --             ;
; MISC_FILE                  ; /nfs/site/disks/swuser_work_knithink/25.3/git/release/agilex5e-nios-ed/niosv_g/niosv_g_webserver_ping/sources/hw/ip/qsys_top/qsys_top_sysid_qsys_0/qsys_top_sysid_qsys_0.cmp                        ; --                           ; --          ; --             ;
; MISC_FILE                  ; /nfs/site/disks/swuser_work_knithink/25.3/git/release/agilex5e-nios-ed/niosv_g/niosv_g_webserver_ping/sources/hw/ip/qsys_top/qsys_top_sysid_qsys_0.ip                                               ; --                           ; --          ; --             ;
; MISC_FILE                  ; /nfs/site/disks/swuser_work_knithink/25.3/git/release/agilex5e-nios-ed/niosv_g/niosv_g_webserver_ping/sources/hw/issp/issp.cmp                                                                      ; --                           ; --          ; --             ;
; MISC_FILE                  ; /nfs/site/disks/swuser_work_knithink/25.3/git/release/agilex5e-nios-ed/niosv_g/niosv_g_webserver_ping/sources/hw/issp.ip                                                                            ; --                           ; --          ; --             ;
; MISC_FILE                  ; /nfs/site/disks/swuser_work_knithink/25.3/git/release/agilex5e-nios-ed/niosv_g/niosv_g_webserver_ping/sources/hw/qsys_top/qsys_top.cmp                                                              ; --                           ; --          ; --             ;
; MISC_FILE                  ; /nfs/site/disks/swuser_work_knithink/25.3/git/release/agilex5e-nios-ed/niosv_g/niosv_g_webserver_ping/sources/hw/qsys_top.qsys                                                                      ; --                           ; --          ; --             ;
; MISC_FILE                  ; /nfs/site/disks/swuser_work_knithink/25.3/git/release/agilex5e-nios-ed/niosv_g/niosv_g_webserver_ping/sources/hw/reset_release/reset_release.cmp                                                    ; --                           ; --          ; --             ;
; MISC_FILE                  ; /nfs/site/disks/swuser_work_knithink/25.3/git/release/agilex5e-nios-ed/niosv_g/niosv_g_webserver_ping/sources/hw/reset_release.ip                                                                   ; --                           ; --          ; --             ;
; MISC_FILE                  ; /nfs/site/disks/swuser_work_knithink/25.3/git/release/agilex5e-nios-ed/niosv_g/niosv_g_webserver_ping/sources/hw/sys_pll/sys_pll.cmp                                                                ; --                           ; --          ; --             ;
; MISC_FILE                  ; /nfs/site/disks/swuser_work_knithink/25.3/git/release/agilex5e-nios-ed/niosv_g/niosv_g_webserver_ping/sources/hw/sys_pll.ip                                                                         ; --                           ; --          ; --             ;
; POWER_APPLY_THERMAL_MARGIN ; ADDITIONAL                                                                                                                                                                                          ; Off                          ; --          ; --             ;
; POWER_THERMAL_SOLVER_MODE  ; FIND_MAX_TJ                                                                                                                                                                                         ; --                           ; --          ; --             ;
; PROJECT_OUTPUT_DIRECTORY   ; output_files                                                                                                                                                                                        ; --                           ; --          ; --             ;
; SLD_FILE                   ; /nfs/site/disks/swuser_work_knithink/25.3/git/release/agilex5e-nios-ed/niosv_g/niosv_g_webserver_ping/sources/hw/ip/qsys_top/qsys_top_jtag_uart_0/qsys_top_jtag_uart_0.regmap                       ; --                           ; --          ; --             ;
; SLD_FILE                   ; /nfs/site/disks/swuser_work_knithink/25.3/git/release/agilex5e-nios-ed/niosv_g/niosv_g_webserver_ping/sources/hw/ip/qsys_top/qsys_top_pio_0/qsys_top_pio_0.regmap                                   ; --                           ; --          ; --             ;
; SLD_FILE                   ; /nfs/site/disks/swuser_work_knithink/25.3/git/release/agilex5e-nios-ed/niosv_g/niosv_g_webserver_ping/sources/hw/ip/qsys_top/qsys_top_sysid_qsys_0/qsys_top_sysid_qsys_0.regmap                     ; --                           ; --          ; --             ;
; SLD_FILE                   ; /nfs/site/disks/swuser_work_knithink/25.3/git/release/agilex5e-nios-ed/niosv_g/niosv_g_webserver_ping/sources/hw/qsys_top/qsys_top.regmap                                                           ; --                           ; --          ; --             ;
; SOPCINFO_FILE              ; /nfs/site/disks/swuser_work_knithink/25.3/git/release/agilex5e-nios-ed/niosv_g/niosv_g_webserver_ping/sources/hw/dni/sandboxes/asccf06273700_42176_0/sld/ipgen/alt_sld_fab_0/alt_sld_fab_0.sopcinfo ; --                           ; --          ; --             ;
; SOPCINFO_FILE              ; /nfs/site/disks/swuser_work_knithink/25.3/git/release/agilex5e-nios-ed/niosv_g/niosv_g_webserver_ping/sources/hw/ip/qsys_top/qsys_top_clock_bridge_0/qsys_top_clock_bridge_0.sopcinfo               ; --                           ; --          ; --             ;
; SOPCINFO_FILE              ; /nfs/site/disks/swuser_work_knithink/25.3/git/release/agilex5e-nios-ed/niosv_g/niosv_g_webserver_ping/sources/hw/ip/qsys_top/qsys_top_intel_eth_tse_0/qsys_top_intel_eth_tse_0.sopcinfo             ; --                           ; --          ; --             ;
; SOPCINFO_FILE              ; /nfs/site/disks/swuser_work_knithink/25.3/git/release/agilex5e-nios-ed/niosv_g/niosv_g_webserver_ping/sources/hw/ip/qsys_top/qsys_top_intel_niosv_g_0/qsys_top_intel_niosv_g_0.sopcinfo             ; --                           ; --          ; --             ;
; SOPCINFO_FILE              ; /nfs/site/disks/swuser_work_knithink/25.3/git/release/agilex5e-nios-ed/niosv_g/niosv_g_webserver_ping/sources/hw/ip/qsys_top/qsys_top_intel_onchip_memory_0/qsys_top_intel_onchip_memory_0.sopcinfo ; --                           ; --          ; --             ;
; SOPCINFO_FILE              ; /nfs/site/disks/swuser_work_knithink/25.3/git/release/agilex5e-nios-ed/niosv_g/niosv_g_webserver_ping/sources/hw/ip/qsys_top/qsys_top_intel_onchip_memory_1/qsys_top_intel_onchip_memory_1.sopcinfo ; --                           ; --          ; --             ;
; SOPCINFO_FILE              ; /nfs/site/disks/swuser_work_knithink/25.3/git/release/agilex5e-nios-ed/niosv_g/niosv_g_webserver_ping/sources/hw/ip/qsys_top/qsys_top_jtag_uart_0/qsys_top_jtag_uart_0.sopcinfo                     ; --                           ; --          ; --             ;
; SOPCINFO_FILE              ; /nfs/site/disks/swuser_work_knithink/25.3/git/release/agilex5e-nios-ed/niosv_g/niosv_g_webserver_ping/sources/hw/ip/qsys_top/qsys_top_msgdma_0/qsys_top_msgdma_0.sopcinfo                           ; --                           ; --          ; --             ;
; SOPCINFO_FILE              ; /nfs/site/disks/swuser_work_knithink/25.3/git/release/agilex5e-nios-ed/niosv_g/niosv_g_webserver_ping/sources/hw/ip/qsys_top/qsys_top_msgdma_1/qsys_top_msgdma_1.sopcinfo                           ; --                           ; --          ; --             ;
; SOPCINFO_FILE              ; /nfs/site/disks/swuser_work_knithink/25.3/git/release/agilex5e-nios-ed/niosv_g/niosv_g_webserver_ping/sources/hw/ip/qsys_top/qsys_top_pio_0/qsys_top_pio_0.sopcinfo                                 ; --                           ; --          ; --             ;
; SOPCINFO_FILE              ; /nfs/site/disks/swuser_work_knithink/25.3/git/release/agilex5e-nios-ed/niosv_g/niosv_g_webserver_ping/sources/hw/ip/qsys_top/qsys_top_reset_bridge_0/qsys_top_reset_bridge_0.sopcinfo               ; --                           ; --          ; --             ;
; SOPCINFO_FILE              ; /nfs/site/disks/swuser_work_knithink/25.3/git/release/agilex5e-nios-ed/niosv_g/niosv_g_webserver_ping/sources/hw/ip/qsys_top/qsys_top_sysid_qsys_0/qsys_top_sysid_qsys_0.sopcinfo                   ; --                           ; --          ; --             ;
; SOPCINFO_FILE              ; /nfs/site/disks/swuser_work_knithink/25.3/git/release/agilex5e-nios-ed/niosv_g/niosv_g_webserver_ping/sources/hw/issp/issp.sopcinfo                                                                 ; --                           ; --          ; --             ;
; SOPCINFO_FILE              ; /nfs/site/disks/swuser_work_knithink/25.3/git/release/agilex5e-nios-ed/niosv_g/niosv_g_webserver_ping/sources/hw/qsys_top/qsys_top.sopcinfo                                                         ; --                           ; --          ; --             ;
; SOPCINFO_FILE              ; /nfs/site/disks/swuser_work_knithink/25.3/git/release/agilex5e-nios-ed/niosv_g/niosv_g_webserver_ping/sources/hw/reset_release/reset_release.sopcinfo                                               ; --                           ; --          ; --             ;
; SOPCINFO_FILE              ; /nfs/site/disks/swuser_work_knithink/25.3/git/release/agilex5e-nios-ed/niosv_g/niosv_g_webserver_ping/sources/hw/sys_pll/sys_pll.sopcinfo                                                           ; --                           ; --          ; --             ;
; USE_SIGNALTAP_FILE         ; stp1.stp                                                                                                                                                                                            ; --                           ; --          ; --             ;
+----------------------------+-----------------------------------------------------------------------------------------------------------------------------------------------------------------------------------------------------+------------------------------+-------------+----------------+


+------------------------------------------------------------+
; Flow Elapsed Time                                          ;
+-----------------------+--------------+---------------------+
; Module Name           ; Elapsed Time ; Peak Virtual Memory ;
+-----------------------+--------------+---------------------+
; Synthesis             ; 00:03:16     ; 3256 MB             ;
; Fitter                ; 00:10:56     ; 14045 MB            ;
; Assembler             ; 00:00:55     ; 4755 MB             ;
; Logic Generation Tool ; 00:00:02     ; 1056 MB             ;
; Logic Generation Tool ; 00:00:02     ; 1056 MB             ;
; Total                 ; 00:15:11     ; --                  ;
+-----------------------+--------------+---------------------+


+-------------------------------------------------------------------------------------+
; Flow OS Summary                                                                     ;
+-----------------------+------------------+------------+------------+----------------+
; Module Name           ; Machine Hostname ; OS Name    ; OS Version ; Processor type ;
+-----------------------+------------------+------------+------------+----------------+
; Synthesis             ; asccf06273700    ; SUSE LINUX ; 12         ; x86_64         ;
; Fitter                ; asccf06273700    ; SUSE LINUX ; 12         ; x86_64         ;
; Assembler             ; asccf06273700    ; SUSE LINUX ; 12         ; x86_64         ;
; Logic Generation Tool ; asccf06273700    ; SUSE LINUX ; 12         ; x86_64         ;
; Logic Generation Tool ; asccf06273700    ; SUSE LINUX ; 12         ; x86_64         ;
+-----------------------+------------------+------------+------------+----------------+


------------
; Flow Log ;
------------
quartus_syn top.qpf
quartus_fit top.qpf
quartus_asm top.qpf
quartus_tlg --tool=hssi_support_logic --read_settings_files=on --write_settings_files=off --skip_quick_elaboration top -c top
quartus_tlg --tool=hssi_support_logic --read_settings_files=on --write_settings_files=off --skip_quick_elaboration top -c top



----------------
; Legal Notice ;
----------------
Copyright (C) 2025  Altera Corporation. All rights reserved.
Your use of Altera Corporation's design tools, logic functions 
and other software and tools, and any partner logic 
functions, and any output files from any of the foregoing 
(including device programming or simulation files), and any 
associated documentation or information are expressly subject 
to the terms and conditions of the Altera Program License 
Subscription Agreement, the Altera Quartus Prime License Agreement,
the Altera IP License Agreement, or other applicable license
agreement, including, without limitation, that your use is for
the sole purpose of programming logic devices manufactured by
Altera and sold by Altera or its authorized distributors.  Please
refer to the Altera Software License Subscription Agreements 
on the Quartus Prime software download page.



+-----------------------------------------------+
; Settings                                      ;
+------------------------+----------------------+
; Option                 ; Setting              ;
+------------------------+----------------------+
; IP Regeneration Policy ; Never Regenerate IPs ;
; Generation Skipped     ; Yes                  ;
+------------------------+----------------------+


+------------------------------------+
; Generation Stages                  ;
+-----------------+------------------+
; Stage           ; Elapsed Time (s) ;
+-----------------+------------------+
; Qsys Validation ; 0.0              ;
; Qsys Generation ; 0                ;
+-----------------+------------------+


+------------------------------------------------------------------------------------------------------+
; Logic Generation Tool Settings                                                                       ;
+------------------------------------------------------------------+-------------------+---------------+
; Option                                                           ; Setting           ; Default Value ;
+------------------------------------------------------------------+-------------------+---------------+
; Device                                                           ; A5ED065BB32AE6SR0 ;               ;
; Maximum number of parallel out-of-context synthesis jobs         ; Auto              ; Auto          ;
; Enable parallel Assembler and Timing Analyzer during compilation ; On                ; On            ;
; Enable compact report table                                      ; Off               ; Off           ;
; Design Assistant include IP blocks                               ; Off               ; Off           ;
; High fanout net threshold for RAM inference                      ; 15                ; 15            ;
; Design Assistant limit on reported violations per rule           ; 5000              ; 5000          ;
+------------------------------------------------------------------+-------------------+---------------+


+--------------------------------+
; Logic Generation Tool Messages ;
+--------------------------------+
Info: *******************************************************************
Info: Running Quartus Prime Logic Generation Tool
    Info: Version 25.3.0 Build 109 09/24/2025 SC Pro Edition
    Info: Processing started: Wed Oct 22 04:21:49 2025
    Info: System process ID: 55107
Info: Command: quartus_tlg --tool=hssi_support_logic --read_settings_files=on --write_settings_files=off --skip_quick_elaboration top -c top
Info: Using INI file /nfs/site/home/knithink/.altera.quartus/quartus.ini
Info: Loading /p/psg/swip/releases6/acdskit/25.3/109/linux64/quartus/common/tcl/internal/qtlg_dr_tool_script.tcl
Info: Loading /p/psg/swip/releases6/acdskit/25.3/109/linux64/quartus/common/tcl/internal/qtlg_ds_tool_script.tcl
Info: Loading /p/psg/swip/releases6/acdskit/25.3/109/linux64/quartus/common/tcl/internal/qtlg_hssi_ip_tool_script.tcl
Info: Launching tool main function hssi_support_logictool_main
Info: Quartus Prime Logic Generation Tool was successful. 0 errors, 0 warnings
    Info: Peak virtual memory: 1057 megabytes
    Info: Processing ended: Wed Oct 22 04:21:53 2025
    Info: Elapsed time: 00:00:04
    Info: System process ID: 55107


+---------------------------------------------------------------------------------+
; Logic Generation Tool Detected IP Report                                        ;
+----+--------------------+--------------+---------+----------+-------------------+
; IP ; Number of Channels ; IP Direction ; IP Type ; FEC Used ; Tool(s) Supported ;
+----+--------------------+--------------+---------+----------+-------------------+


+-----------------------------------------------------------+
; Logic Generation Tool Dual Simplex User Assignment Report ;
+--------------+-------+------------------+-----------------+
; QSF Settings ; Value ; Applied Instance ; Applied Group   ;
+--------------+-------+------------------+-----------------+


+-------------------------------------------------------------------------------+
; Logic Generation Tool Dual Simplex IP Configuration Report                    ;
+----------+-------------+------------------+-------------------+---------------+
; DS Group ; Assigned IP ; User IP instance ; Relative Location ; Loopback Mode ;
+----------+-------------+------------------+-------------------+---------------+


+----------------------------------------------------------------------------+
; Logic Generation Tool Dual Simplex IP Report                               ;
+-----------------+------------+--------------+---------+----------+---------+
; Dual Simplex IP ; IP Channel ; IP Direction ; IP Type ; FEC Used ; IP File ;
+-----------------+------------+--------------+---------+----------+---------+


+----------------------------------------------------------------------+
; Logic Generation Tool Dynamic Reconfiguration User Assignment Report ;
+--------------+-------+------------------+----------------------------+
; QSF Settings ; Value ; Applied Instance ; Applied Group              ;
+--------------+-------+------------------+----------------------------+


+-----------------------------------------------------------------------+
; Logic Generation Tool Dynamic Reconfiguration IP Configuration Report ;
+----------+-------------+------------------+---------------------------+
; DR Group ; Assigned IP ; User IP instance ; Relative Location         ;
+----------+-------------+------------------+---------------------------+


+-----------------------------------------------------------------------------------------------------------------------+
; Logic Generation Tool Dynamic Reconfiguration IP Report                                                               ;
+---------+--------------------+--------------+-----------+-----------+-----------------+----------+--------------------+
; IP Name ; Number of channels ; Combinations ; MIF Depth ; MIF Width ; Generation Mode ; MIF File ; Instantiation File ;
+---------+--------------------+--------------+-----------+-----------+-----------------+----------+--------------------+


+---------------+
; Flow Messages ;
+---------------+
Can't read Quartus Prime message file /nfs/site/disks/swuser_work_knithink/25.3/git/release/agilex5e-nios-ed/niosv_g/niosv_g_webserver_ping/sources/hw/qdb/_compiler/top/_flat/25.3.0/legacy/1/Flow Messages are not contained in a QMSG file..
Make sure the file exists and is up to date, and you have permission to read and write the file.
Info: *******************************************************************
Info: Running Quartus Prime Logic Generation Tool
    Info: Version 25.3.0 Build 109 09/24/2025 SC Pro Edition
    Info: Processing started: Wed Oct 22 04:21:49 2025
    Info: System process ID: 55107
Info: Command: quartus_tlg --tool=hssi_support_logic --read_settings_files=on --write_settings_files=off --skip_quick_elaboration top -c top
Info: Using INI file /nfs/site/home/knithink/.altera.quartus/quartus.ini
Info: Loading /p/psg/swip/releases6/acdskit/25.3/109/linux64/quartus/common/tcl/internal/qtlg_dr_tool_script.tcl
Info: Loading /p/psg/swip/releases6/acdskit/25.3/109/linux64/quartus/common/tcl/internal/qtlg_ds_tool_script.tcl
Info: Loading /p/psg/swip/releases6/acdskit/25.3/109/linux64/quartus/common/tcl/internal/qtlg_hssi_ip_tool_script.tcl
Info: Launching tool main function hssi_support_logictool_main
Info: Quartus Prime Logic Generation Tool was successful. 0 errors, 0 warnings
    Info: Peak virtual memory: 1057 megabytes
    Info: Processing ended: Wed Oct 22 04:21:53 2025
    Info: Elapsed time: 00:00:04
    Info: System process ID: 55107


+--------------------------+
; Flow Suppressed Messages ;
+--------------------------+
Please use Quartus Prime to view the suppressed messages.


