Info: Generated by version: 25.3 build 109
Info: Starting: Create simulation model
Info: qsys-generate /nfs/site/disks/swuser_work_knithink/25.3/git/release/agilex5e-nios-ed/niosv_g/niosv_g_webserver_ping/sources/hw/qsys_top.qsys --simulation=VERILOG --allow-mixed-language-simulation --simulator=MODELSIM --output-directory=/nfs/site/disks/swuser_work_knithink/25.3/git/release/agilex5e-nios-ed/niosv_g/niosv_g_webserver_ping/sources/hw/qsys_top --family="Agilex 5" --part=A5ED065BB32AE6SR0
Progress: Loading hw/qsys_top.qsys
Progress: Reading input file
Progress: Parameterizing module clock_bridge_0
Progress: Parameterizing module intel_niosv_g_0
Progress: Parameterizing module reset_bridge_0
Progress: Parameterizing module sys_cpu_ram
Progress: Parameterizing module sys_desc_mem
Progress: Parameterizing module sys_jtag_uart
Progress: Parameterizing module sys_led_pio
Progress: Parameterizing module sys_sysid
Progress: Parameterizing module sys_tse
Progress: Parameterizing module sys_tse_msgdma_rx
Progress: Parameterizing module sys_tse_msgdma_tx
Progress: Building connections
Progress: Parameterizing connections
Progress: Validating
Progress: Done reading input file
Component Instantiation Warning: qsys_top.sys_sysid: System Information doesn't match requirements of IP.  Double-click to open System Info tab.
Component Instantiation Warning: qsys_top.sys_tse: Warnings found in IP parameterization.
Info: qsys_top.sys_tse.receive/sys_tse_msgdma_rx.st_sink: Ready latency is 2 for source and 0 for sink. Avalon-ST Adapter will be inserted..
Info: qsys_top: "Transforming system: qsys_top"
Info: avalon_st_adapter: Inserting timing_adapter: timing_adapter_0
Info: qsys_top: "Naming system components in system: qsys_top"
Info: qsys_top: "Processing generation queue"
Info: qsys_top: "Generating: qsys_top"
Info: qsys_top: "Generating: qsys_top_clock_bridge_0"
Info: qsys_top: "Generating: qsys_top_intel_niosv_g_0"
Info: qsys_top: "Generating: qsys_top_reset_bridge_0"
Info: qsys_top: "Generating: qsys_top_intel_onchip_memory_1"
Info: qsys_top: "Generating: qsys_top_intel_onchip_memory_0"
Info: qsys_top: "Generating: qsys_top_jtag_uart_0"
Info: qsys_top: "Generating: qsys_top_pio_0"
Info: qsys_top: "Generating: qsys_top_sysid_qsys_0"
Info: qsys_top: "Generating: qsys_top_intel_eth_tse_0"
Info: qsys_top: "Generating: qsys_top_msgdma_1"
Info: qsys_top: "Generating: qsys_top_msgdma_0"
Info: qsys_top: "Generating: qsys_top_altera_mm_interconnect_1920_lyoviqy"
Info: qsys_top: "Generating: qsys_top_altera_irq_mapper_2001_efvidjq"
Info: qsys_top: "Generating: qsys_top_altera_avalon_st_adapter_1920_7pp2hqi"
Info: qsys_top: "Generating: altera_reset_controller"
Info: qsys_top: "Generating: qsys_top_altera_merlin_axi_translator_1983_7ic4h3a"
Info: qsys_top: "Generating: qsys_top_altera_merlin_master_translator_193_lgcew2q"
Info: qsys_top: "Generating: qsys_top_altera_merlin_slave_translator_191_xg7rzxi"
Info: qsys_top: "Generating: qsys_top_altera_merlin_axi_master_ni_19113_puqzalq"
Info: qsys_top: "Generating: qsys_top_altera_merlin_master_agent_1940_r3ep6da"
Info: qsys_top: "Generating: qsys_top_altera_merlin_slave_agent_1930_jxauz3i"
Info: qsys_top: "Generating: qsys_top_altera_avalon_sc_fifo_1932_22gxxgi"
Info: qsys_top: "Generating: qsys_top_altera_merlin_router_1921_k42z6hy"
Info: qsys_top: "Generating: qsys_top_altera_merlin_router_1921_u2e7pmi"
Info: qsys_top: "Generating: qsys_top_altera_merlin_router_1921_rr6gq2i"
Info: qsys_top: "Generating: qsys_top_altera_merlin_router_1921_punipba"
Info: qsys_top: "Generating: qsys_top_altera_merlin_router_1921_nqooitq"
Info: qsys_top: "Generating: qsys_top_altera_merlin_router_1921_d3xlnpy"
Info: qsys_top: "Generating: qsys_top_altera_merlin_router_1921_4x3zc6y"
Info: qsys_top: "Generating: qsys_top_altera_merlin_traffic_limiter_1921_ihobvti"
Info: my_altera_avalon_sc_fifo_dest_id_fifo: "Generating: my_altera_avalon_sc_fifo_dest_id_fifo"
Info: qsys_top: "Generating: qsys_top_altera_merlin_traffic_limiter_1921_5pm4apa"
Info: my_altera_avalon_sc_fifo_dest_id_fifo: "Generating: my_altera_avalon_sc_fifo_dest_id_fifo"
Info: qsys_top: "Generating: qsys_top_altera_merlin_burst_adapter_1940_jaal53a"
Info: my_altera_avalon_st_pipeline_stage: "Generating: my_altera_avalon_st_pipeline_stage"
Info: qsys_top: "Generating: qsys_top_altera_merlin_demultiplexer_1921_v3cratq"
Info: qsys_top: "Generating: qsys_top_altera_merlin_demultiplexer_1921_z6z6zmi"
Info: qsys_top: "Generating: qsys_top_altera_merlin_demultiplexer_1921_44dazla"
Info: qsys_top: "Generating: qsys_top_altera_merlin_multiplexer_1922_a75p64i"
Info: qsys_top: "Generating: qsys_top_altera_merlin_multiplexer_1922_xdusypq"
Info: qsys_top: "Generating: qsys_top_altera_merlin_multiplexer_1922_5icdd3a"
Info: qsys_top: "Generating: qsys_top_altera_merlin_multiplexer_1922_p4u4aaa"
Info: qsys_top: "Generating: qsys_top_altera_merlin_demultiplexer_1921_pjloaly"
Info: qsys_top: "Generating: qsys_top_altera_merlin_demultiplexer_1921_diegjbq"
Info: qsys_top: "Generating: qsys_top_altera_merlin_demultiplexer_1921_ahyut4y"
Info: qsys_top: "Generating: qsys_top_altera_merlin_multiplexer_1922_xdqzama"
Info: qsys_top: "Generating: qsys_top_altera_merlin_multiplexer_1922_hptihja"
Info: qsys_top: "Generating: qsys_top_timing_adapter_1950_4blnw3y"
Info: qsys_top: "Generating: qsys_top_altera_merlin_traffic_limiter_altera_avalon_sc_fifo_1921_2bjufwi"
Info: qsys_top: "Generating: qsys_top_altera_merlin_traffic_limiter_altera_avalon_sc_fifo_1921_te3kfhq"
Info: qsys_top: "Generating: qsys_top_altera_merlin_burst_adapter_altera_avalon_st_pipeline_stage_1940_7kn4afi"
Info: qsys_top: "Generating: qsys_top_altera_avalon_st_pipeline_stage_1930_oiupeiq"
Info: qsys_top: Done "qsys_top" with 50 modules, 62 files
Info: Generating the following file(s) for MODELSIM simulator in /nfs/site/disks/swuser_work_knithink/25.3/git/release/agilex5e-nios-ed/niosv_g/niosv_g_webserver_ping/sources/hw/qsys_top/sim/ directory:
Info: 	common/modelsim_files.tcl
Info: For information on how to simulate your IP, see the explanatory comments in the simulator-specific subdirectories under /nfs/site/disks/swuser_work_knithink/25.3/git/release/agilex5e-nios-ed/niosv_g/niosv_g_webserver_ping/sources/hw/qsys_top/sim/.
Info: Regenerate these scripts whenever you make any change to any Quartus-generated IP in your project.
Info: Finished: Create simulation model
Info: Starting: Create simulation script
Info: sim-script-gen --system-file=/nfs/site/disks/swuser_work_knithink/25.3/git/release/agilex5e-nios-ed/niosv_g/niosv_g_webserver_ping/sources/hw/qsys_top.qsys --simulator=MODELSIM --output-directory=/nfs/site/disks/swuser_work_knithink/25.3/git/release/agilex5e-nios-ed/niosv_g/niosv_g_webserver_ping/sources/hw/qsys_top/sim/ --use-relative-paths=true
Info: Generating the following file(s) for MODELSIM simulator in /nfs/site/disks/swuser_work_knithink/25.3/git/release/agilex5e-nios-ed/niosv_g/niosv_g_webserver_ping/sources/hw/qsys_top/sim/ directory:
Info: 	mentor/msim_setup.tcl
Info: 	mentor/run_msim_setup.tcl
Info: For information on how to simulate your IP, see the explanatory comments in the simulator-specific subdirectories under /nfs/site/disks/swuser_work_knithink/25.3/git/release/agilex5e-nios-ed/niosv_g/niosv_g_webserver_ping/sources/hw/qsys_top/sim/.
Info: Regenerate these scripts whenever you make any change to any Quartus-generated IP in your project.
Info: Finished: Create simulation script
Info: 
Info: Starting: Create HDL design files for synthesis
Info: qsys-generate /nfs/site/disks/swuser_work_knithink/25.3/git/release/agilex5e-nios-ed/niosv_g/niosv_g_webserver_ping/sources/hw/qsys_top.qsys --synthesis=VERILOG --output-directory=/nfs/site/disks/swuser_work_knithink/25.3/git/release/agilex5e-nios-ed/niosv_g/niosv_g_webserver_ping/sources/hw/qsys_top --family="Agilex 5" --part=A5ED065BB32AE6SR0
Progress: Loading hw/qsys_top.qsys
Progress: Reading input file
Progress: Parameterizing module clock_bridge_0
Progress: Parameterizing module intel_niosv_g_0
Progress: Parameterizing module reset_bridge_0
Progress: Parameterizing module sys_cpu_ram
Progress: Parameterizing module sys_desc_mem
Progress: Parameterizing module sys_jtag_uart
Progress: Parameterizing module sys_led_pio
Progress: Parameterizing module sys_sysid
Progress: Parameterizing module sys_tse
Progress: Parameterizing module sys_tse_msgdma_rx
Progress: Parameterizing module sys_tse_msgdma_tx
Progress: Building connections
Progress: Parameterizing connections
Progress: Validating
Progress: Done reading input file
Component Instantiation Warning: qsys_top.sys_sysid: System Information doesn't match requirements of IP.  Double-click to open System Info tab.
Component Instantiation Warning: qsys_top.sys_tse: Warnings found in IP parameterization.
Info: qsys_top.sys_tse.receive/sys_tse_msgdma_rx.st_sink: Ready latency is 2 for source and 0 for sink. Avalon-ST Adapter will be inserted..
Info: qsys_top: "Transforming system: qsys_top"
Info: avalon_st_adapter: Inserting timing_adapter: timing_adapter_0
Info: qsys_top: "Naming system components in system: qsys_top"
Info: qsys_top: "Processing generation queue"
Info: qsys_top: "Generating: qsys_top"
Info: qsys_top: "Generating: qsys_top_clock_bridge_0"
Info: qsys_top: "Generating: qsys_top_intel_niosv_g_0"
Info: qsys_top: "Generating: qsys_top_reset_bridge_0"
Info: qsys_top: "Generating: qsys_top_intel_onchip_memory_1"
Info: qsys_top: "Generating: qsys_top_intel_onchip_memory_0"
Info: qsys_top: "Generating: qsys_top_jtag_uart_0"
Info: qsys_top: "Generating: qsys_top_pio_0"
Info: qsys_top: "Generating: qsys_top_sysid_qsys_0"
Info: qsys_top: "Generating: qsys_top_intel_eth_tse_0"
Info: qsys_top: "Generating: qsys_top_msgdma_1"
Info: qsys_top: "Generating: qsys_top_msgdma_0"
Info: qsys_top: "Generating: qsys_top_altera_mm_interconnect_1920_lyoviqy"
Info: qsys_top: "Generating: qsys_top_altera_irq_mapper_2001_efvidjq"
Info: qsys_top: "Generating: qsys_top_altera_avalon_st_adapter_1920_7pp2hqi"
Info: qsys_top: "Generating: altera_reset_controller"
Info: qsys_top: "Generating: qsys_top_altera_merlin_axi_translator_1983_7ic4h3a"
Info: qsys_top: "Generating: qsys_top_altera_merlin_master_translator_193_lgcew2q"
Info: qsys_top: "Generating: qsys_top_altera_merlin_slave_translator_191_xg7rzxi"
Info: qsys_top: "Generating: qsys_top_altera_merlin_axi_master_ni_19113_puqzalq"
Info: qsys_top: "Generating: qsys_top_altera_merlin_master_agent_1940_r3ep6da"
Info: qsys_top: "Generating: qsys_top_altera_merlin_slave_agent_1930_jxauz3i"
Info: qsys_top: "Generating: qsys_top_altera_avalon_sc_fifo_1932_22gxxgi"
Info: qsys_top: "Generating: qsys_top_altera_merlin_router_1921_k42z6hy"
Info: qsys_top: "Generating: qsys_top_altera_merlin_router_1921_u2e7pmi"
Info: qsys_top: "Generating: qsys_top_altera_merlin_router_1921_rr6gq2i"
Info: qsys_top: "Generating: qsys_top_altera_merlin_router_1921_punipba"
Info: qsys_top: "Generating: qsys_top_altera_merlin_router_1921_nqooitq"
Info: qsys_top: "Generating: qsys_top_altera_merlin_router_1921_d3xlnpy"
Info: qsys_top: "Generating: qsys_top_altera_merlin_router_1921_4x3zc6y"
Info: qsys_top: "Generating: qsys_top_altera_merlin_traffic_limiter_1921_ihobvti"
Info: my_altera_avalon_sc_fifo_dest_id_fifo: "Generating: my_altera_avalon_sc_fifo_dest_id_fifo"
Info: qsys_top: "Generating: qsys_top_altera_merlin_traffic_limiter_1921_5pm4apa"
Info: my_altera_avalon_sc_fifo_dest_id_fifo: "Generating: my_altera_avalon_sc_fifo_dest_id_fifo"
Info: qsys_top: "Generating: qsys_top_altera_merlin_burst_adapter_1940_jaal53a"
Info: my_altera_avalon_st_pipeline_stage: "Generating: my_altera_avalon_st_pipeline_stage"
Info: qsys_top: "Generating: qsys_top_altera_merlin_demultiplexer_1921_v3cratq"
Info: qsys_top: "Generating: qsys_top_altera_merlin_demultiplexer_1921_z6z6zmi"
Info: qsys_top: "Generating: qsys_top_altera_merlin_demultiplexer_1921_44dazla"
Info: qsys_top: "Generating: qsys_top_altera_merlin_multiplexer_1922_a75p64i"
Info: qsys_top: "Generating: qsys_top_altera_merlin_multiplexer_1922_xdusypq"
Info: qsys_top: "Generating: qsys_top_altera_merlin_multiplexer_1922_5icdd3a"
Info: qsys_top: "Generating: qsys_top_altera_merlin_multiplexer_1922_p4u4aaa"
Info: qsys_top: "Generating: qsys_top_altera_merlin_demultiplexer_1921_pjloaly"
Info: qsys_top: "Generating: qsys_top_altera_merlin_demultiplexer_1921_diegjbq"
Info: qsys_top: "Generating: qsys_top_altera_merlin_demultiplexer_1921_ahyut4y"
Info: qsys_top: "Generating: qsys_top_altera_merlin_multiplexer_1922_xdqzama"
Info: qsys_top: "Generating: qsys_top_altera_merlin_multiplexer_1922_hptihja"
Info: qsys_top: "Generating: qsys_top_timing_adapter_1950_4blnw3y"
Info: qsys_top: "Generating: qsys_top_altera_merlin_traffic_limiter_altera_avalon_sc_fifo_1921_2bjufwi"
Info: qsys_top: "Generating: qsys_top_altera_merlin_traffic_limiter_altera_avalon_sc_fifo_1921_te3kfhq"
Info: qsys_top: "Generating: qsys_top_altera_merlin_burst_adapter_altera_avalon_st_pipeline_stage_1940_7kn4afi"
Info: qsys_top: "Generating: qsys_top_altera_avalon_st_pipeline_stage_1930_oiupeiq"
Info: qsys_top: Done "qsys_top" with 50 modules, 62 files
Info: Finished: Create HDL design files for synthesis
