The target system is: Generic -  - Nios V
The host system is: Linux - 4.12.14-122.255-default - x86_64
Compiling the C compiler identification source file "CMakeCCompilerId.c" succeeded.
Compiler: /p/psg/swip/releases6/acdskit/25.3/109/linux64/riscfree/toolchain/riscv32-unknown-elf/bin/riscv32-unknown-elf-gcc 
Build flags: 
Id flags:  

The output was:
0


Compilation of the C compiler identification source "CMakeCCompilerId.c" produced "a.out"

The C compiler identification is GNU, found in "/nfs/site/disks/swuser_work_knithink/25.3/git/release/agilex5e-nios-ed/niosv_g/niosv_g_webserver_ping/sources/sw/app_freertos/build/CMakeFiles/3.14.2/CompilerIdC/a.out"

Compiling the CXX compiler identification source file "CMakeCXXCompilerId.cpp" succeeded.
Compiler: /p/psg/swip/releases6/acdskit/25.3/109/linux64/riscfree/toolchain/riscv32-unknown-elf/bin/riscv32-unknown-elf-g++ 
Build flags: 
Id flags:  

The output was:
0


Compilation of the CXX compiler identification source "CMakeCXXCompilerId.cpp" produced "a.out"

The CXX compiler identification is GNU, found in "/nfs/site/disks/swuser_work_knithink/25.3/git/release/agilex5e-nios-ed/niosv_g/niosv_g_webserver_ping/sources/sw/app_freertos/build/CMakeFiles/3.14.2/CompilerIdCXX/a.out"

Determining if the C compiler works passed with the following output:
Change Dir: /nfs/site/disks/swuser_work_knithink/25.3/git/release/agilex5e-nios-ed/niosv_g/niosv_g_webserver_ping/sources/sw/app_freertos/build/CMakeFiles/CMakeTmp

Run Build Command(s):/usr/intel/bin/gmake cmTC_a142e/fast 
/usr/intel/bin/gmake -f CMakeFiles/cmTC_a142e.dir/build.make CMakeFiles/cmTC_a142e.dir/build
gmake[1]: Entering directory '/nfs/site/disks/swuser_work_knithink/25.3/git/release/agilex5e-nios-ed/niosv_g/niosv_g_webserver_ping/sources/sw/app_freertos/build/CMakeFiles/CMakeTmp'
Building C object CMakeFiles/cmTC_a142e.dir/testCCompiler.c.obj
/p/psg/swip/releases6/acdskit/25.3/109/linux64/riscfree/toolchain/riscv32-unknown-elf/bin/riscv32-unknown-elf-gcc    -o CMakeFiles/cmTC_a142e.dir/testCCompiler.c.obj   -c /nfs/site/disks/swuser_work_knithink/25.3/git/release/agilex5e-nios-ed/niosv_g/niosv_g_webserver_ping/sources/sw/app_freertos/build/CMakeFiles/CMakeTmp/testCCompiler.c
Linking C static library libcmTC_a142e.a
/nfs/site/disks/psg_ctools_1/cmake/3.14.2/linux64/suse/bin/cmake -P CMakeFiles/cmTC_a142e.dir/cmake_clean_target.cmake
/nfs/site/disks/psg_ctools_1/cmake/3.14.2/linux64/suse/bin/cmake -E cmake_link_script CMakeFiles/cmTC_a142e.dir/link.txt --verbose=1
riscv32-unknown-elf-ar qc libcmTC_a142e.a  CMakeFiles/cmTC_a142e.dir/testCCompiler.c.obj
/p/psg/swip/releases6/acdskit/25.3/109/linux64/riscfree/toolchain/riscv32-unknown-elf/bin/riscv32-unknown-elf-ranlib libcmTC_a142e.a
gmake[1]: Leaving directory '/nfs/site/disks/swuser_work_knithink/25.3/git/release/agilex5e-nios-ed/niosv_g/niosv_g_webserver_ping/sources/sw/app_freertos/build/CMakeFiles/CMakeTmp'


Detecting C compiler ABI info compiled with the following output:
Change Dir: /nfs/site/disks/swuser_work_knithink/25.3/git/release/agilex5e-nios-ed/niosv_g/niosv_g_webserver_ping/sources/sw/app_freertos/build/CMakeFiles/CMakeTmp

Run Build Command(s):/usr/intel/bin/gmake cmTC_96d76/fast 
/usr/intel/bin/gmake -f CMakeFiles/cmTC_96d76.dir/build.make CMakeFiles/cmTC_96d76.dir/build
gmake[1]: Entering directory '/nfs/site/disks/swuser_work_knithink/25.3/git/release/agilex5e-nios-ed/niosv_g/niosv_g_webserver_ping/sources/sw/app_freertos/build/CMakeFiles/CMakeTmp'
Building C object CMakeFiles/cmTC_96d76.dir/CMakeCCompilerABI.c.obj
/p/psg/swip/releases6/acdskit/25.3/109/linux64/riscfree/toolchain/riscv32-unknown-elf/bin/riscv32-unknown-elf-gcc   -v -o CMakeFiles/cmTC_96d76.dir/CMakeCCompilerABI.c.obj   -c /nfs/site/disks/psg_ctools_1/cmake/3.14.2/linux64/suse/share/cmake-3.14/Modules/CMakeCCompilerABI.c
Using built-in specs.
COLLECT_GCC=/p/psg/swip/releases6/acdskit/25.3/109/linux64/riscfree/toolchain/riscv32-unknown-elf/bin/riscv32-unknown-elf-gcc
Target: riscv32-unknown-elf
Configured with: ../../gcc/configure --target=riscv32-unknown-elf --prefix=/build/install --with-sysroot=/build/install/riscv32-unknown-elf --with-native-system-header-dir=/include --with-newlib --disable-shared --enable-languages=c,c++ --enable-tls --disable-werror --disable-libmudflap --disable-libssp --disable-quadmath --disable-libgomp --disable-nls --disable-bootstrap --enable-multilib --with-isa-spec=2.2 --with-multilib-generator='rv32e-ilp32e--zicbom rv32ea-ilp32e--zicbom rv32im-ilp32--zicbom rv32ia-ilp32--zicbom rv32ima-ilp32--zicbom rv32imf-ilp32--zicbom rv32imf-ilp32f--zicbom rv32imaf-ilp32--zicbom rv32imaf-ilp32f--zicbom rv64ima-lp64--zicbom rv64imaf-lp64--zicbom rv64imaf-lp64f--zicbom' --with-arch=rv32i --with-abi=ilp32 --with-zstd=no --with-system-zlib --enable-libstdcxx-pch=no --disable-werror
Thread model: single
Supported LTO compression algorithms: zlib
gcc version 13.2.0 (GCC) 
COLLECT_GCC_OPTIONS='-v' '-o' 'CMakeFiles/cmTC_96d76.dir/CMakeCCompilerABI.c.obj' '-c' '-march=rv32i' '-mabi=ilp32' '-misa-spec=2.2' '-march=rv32i' '-dumpdir' 'CMakeFiles/cmTC_96d76.dir/'
 /nfs/site/disks/swbld_archive_5/quartuskit/25.3/109/linux64/riscfree/toolchain/riscv32-unknown-elf/bin/../libexec/gcc/riscv32-unknown-elf/13.2.0/cc1 -quiet -v -imultilib . -iprefix /nfs/site/disks/swbld_archive_5/quartuskit/25.3/109/linux64/riscfree/toolchain/riscv32-unknown-elf/bin/../lib/gcc/riscv32-unknown-elf/13.2.0/ -isysroot /nfs/site/disks/swbld_archive_5/quartuskit/25.3/109/linux64/riscfree/toolchain/riscv32-unknown-elf/bin/../riscv32-unknown-elf /nfs/site/disks/psg_ctools_1/cmake/3.14.2/linux64/suse/share/cmake-3.14/Modules/CMakeCCompilerABI.c -quiet -dumpdir CMakeFiles/cmTC_96d76.dir/ -dumpbase CMakeCCompilerABI.c.c -dumpbase-ext .c -march=rv32i -mabi=ilp32 -misa-spec=2.2 -march=rv32i -version -o /tmp/arc_1181436256/cctcj5rY.s
GNU C17 (GCC) version 13.2.0 (riscv32-unknown-elf)
	compiled by GNU C version 8.3.1 20190311 (Red Hat 8.3.1-3), GMP version 6.2.1, MPFR version 4.1.0, MPC version 1.2.1, isl version isl-0.24-GMP

warning: GMP header version 6.2.1 differs from library version 6.2.1.fix1.
GGC heuristics: --param ggc-min-expand=100 --param ggc-min-heapsize=131072
ignoring duplicate directory "/nfs/site/disks/swbld_archive_5/quartuskit/25.3/109/linux64/riscfree/toolchain/riscv32-unknown-elf/bin/../lib/gcc/../../lib/gcc/riscv32-unknown-elf/13.2.0/include"
ignoring nonexistent directory "/nfs/site/disks/swbld_archive_5/quartuskit/25.3/109/linux64/riscfree/toolchain/riscv32-unknown-elf/bin/../riscv32-unknown-elf/usr/local/include"
ignoring duplicate directory "/nfs/site/disks/swbld_archive_5/quartuskit/25.3/109/linux64/riscfree/toolchain/riscv32-unknown-elf/bin/../lib/gcc/../../lib/gcc/riscv32-unknown-elf/13.2.0/include-fixed"
ignoring duplicate directory "/nfs/site/disks/swbld_archive_5/quartuskit/25.3/109/linux64/riscfree/toolchain/riscv32-unknown-elf/bin/../lib/gcc/../../lib/gcc/riscv32-unknown-elf/13.2.0/../../../../riscv32-unknown-elf/include"
ignoring duplicate directory "/nfs/site/disks/swbld_archive_5/quartuskit/25.3/109/linux64/riscfree/toolchain/riscv32-unknown-elf/bin/../riscv32-unknown-elf/include"
#include "..." search starts here:
#include <...> search starts here:
 /nfs/site/disks/swbld_archive_5/quartuskit/25.3/109/linux64/riscfree/toolchain/riscv32-unknown-elf/bin/../lib/gcc/riscv32-unknown-elf/13.2.0/include
 /nfs/site/disks/swbld_archive_5/quartuskit/25.3/109/linux64/riscfree/toolchain/riscv32-unknown-elf/bin/../lib/gcc/riscv32-unknown-elf/13.2.0/include-fixed
 /nfs/site/disks/swbld_archive_5/quartuskit/25.3/109/linux64/riscfree/toolchain/riscv32-unknown-elf/bin/../lib/gcc/riscv32-unknown-elf/13.2.0/../../../../riscv32-unknown-elf/include
End of search list.
Compiler executable checksum: 36c165f0b8979f7845c1f97495d4f685
COLLECT_GCC_OPTIONS='-v' '-o' 'CMakeFiles/cmTC_96d76.dir/CMakeCCompilerABI.c.obj' '-c' '-march=rv32i' '-mabi=ilp32' '-misa-spec=2.2' '-march=rv32i' '-dumpdir' 'CMakeFiles/cmTC_96d76.dir/'
 /nfs/site/disks/swbld_archive_5/quartuskit/25.3/109/linux64/riscfree/toolchain/riscv32-unknown-elf/bin/../lib/gcc/riscv32-unknown-elf/13.2.0/../../../../riscv32-unknown-elf/bin/as -v --traditional-format -march=rv32i -march=rv32i -mabi=ilp32 -misa-spec=2.2 -o CMakeFiles/cmTC_96d76.dir/CMakeCCompilerABI.c.obj /tmp/arc_1181436256/cctcj5rY.s
GNU assembler version 2.40.90 (riscv32-unknown-elf) using BFD version (GNU Binutils) 2.40.90.20230730
COMPILER_PATH=/nfs/site/disks/swbld_archive_5/quartuskit/25.3/109/linux64/riscfree/toolchain/riscv32-unknown-elf/bin/../libexec/gcc/riscv32-unknown-elf/13.2.0/:/nfs/site/disks/swbld_archive_5/quartuskit/25.3/109/linux64/riscfree/toolchain/riscv32-unknown-elf/bin/../libexec/gcc/:/nfs/site/disks/swbld_archive_5/quartuskit/25.3/109/linux64/riscfree/toolchain/riscv32-unknown-elf/bin/../lib/gcc/riscv32-unknown-elf/13.2.0/../../../../riscv32-unknown-elf/bin/
LIBRARY_PATH=/nfs/site/disks/swbld_archive_5/quartuskit/25.3/109/linux64/riscfree/toolchain/riscv32-unknown-elf/bin/../lib/gcc/riscv32-unknown-elf/13.2.0/:/nfs/site/disks/swbld_archive_5/quartuskit/25.3/109/linux64/riscfree/toolchain/riscv32-unknown-elf/bin/../lib/gcc/:/nfs/site/disks/swbld_archive_5/quartuskit/25.3/109/linux64/riscfree/toolchain/riscv32-unknown-elf/bin/../lib/gcc/riscv32-unknown-elf/13.2.0/../../../../riscv32-unknown-elf/lib/:/nfs/site/disks/swbld_archive_5/quartuskit/25.3/109/linux64/riscfree/toolchain/riscv32-unknown-elf/bin/../riscv32-unknown-elf/lib/
COLLECT_GCC_OPTIONS='-v' '-o' 'CMakeFiles/cmTC_96d76.dir/CMakeCCompilerABI.c.obj' '-c' '-march=rv32i' '-mabi=ilp32' '-misa-spec=2.2' '-march=rv32i' '-dumpdir' 'CMakeFiles/cmTC_96d76.dir/CMakeCCompilerABI.c.'
Linking C static library libcmTC_96d76.a
/nfs/site/disks/psg_ctools_1/cmake/3.14.2/linux64/suse/bin/cmake -P CMakeFiles/cmTC_96d76.dir/cmake_clean_target.cmake
/nfs/site/disks/psg_ctools_1/cmake/3.14.2/linux64/suse/bin/cmake -E cmake_link_script CMakeFiles/cmTC_96d76.dir/link.txt --verbose=1
riscv32-unknown-elf-ar qc libcmTC_96d76.a  CMakeFiles/cmTC_96d76.dir/CMakeCCompilerABI.c.obj
/p/psg/swip/releases6/acdskit/25.3/109/linux64/riscfree/toolchain/riscv32-unknown-elf/bin/riscv32-unknown-elf-ranlib libcmTC_96d76.a
gmake[1]: Leaving directory '/nfs/site/disks/swuser_work_knithink/25.3/git/release/agilex5e-nios-ed/niosv_g/niosv_g_webserver_ping/sources/sw/app_freertos/build/CMakeFiles/CMakeTmp'


Parsed C implicit include dir info from above output: rv=done
  found start of include info
  found start of implicit include info
    add: [/nfs/site/disks/swbld_archive_5/quartuskit/25.3/109/linux64/riscfree/toolchain/riscv32-unknown-elf/bin/../lib/gcc/riscv32-unknown-elf/13.2.0/include]
    add: [/nfs/site/disks/swbld_archive_5/quartuskit/25.3/109/linux64/riscfree/toolchain/riscv32-unknown-elf/bin/../lib/gcc/riscv32-unknown-elf/13.2.0/include-fixed]
    add: [/nfs/site/disks/swbld_archive_5/quartuskit/25.3/109/linux64/riscfree/toolchain/riscv32-unknown-elf/bin/../lib/gcc/riscv32-unknown-elf/13.2.0/../../../../riscv32-unknown-elf/include]
  end of search list found
  collapse include dir [/nfs/site/disks/swbld_archive_5/quartuskit/25.3/109/linux64/riscfree/toolchain/riscv32-unknown-elf/bin/../lib/gcc/riscv32-unknown-elf/13.2.0/include] ==> [/nfs/site/disks/swbld_archive_5/quartuskit/25.3/109/linux64/riscfree/toolchain/riscv32-unknown-elf/lib/gcc/riscv32-unknown-elf/13.2.0/include]
  collapse include dir [/nfs/site/disks/swbld_archive_5/quartuskit/25.3/109/linux64/riscfree/toolchain/riscv32-unknown-elf/bin/../lib/gcc/riscv32-unknown-elf/13.2.0/include-fixed] ==> [/nfs/site/disks/swbld_archive_5/quartuskit/25.3/109/linux64/riscfree/toolchain/riscv32-unknown-elf/lib/gcc/riscv32-unknown-elf/13.2.0/include-fixed]
  collapse include dir [/nfs/site/disks/swbld_archive_5/quartuskit/25.3/109/linux64/riscfree/toolchain/riscv32-unknown-elf/bin/../lib/gcc/riscv32-unknown-elf/13.2.0/../../../../riscv32-unknown-elf/include] ==> [/nfs/site/disks/swbld_archive_5/quartuskit/25.3/109/linux64/riscfree/toolchain/riscv32-unknown-elf/riscv32-unknown-elf/include]
  implicit include dirs: [/nfs/site/disks/swbld_archive_5/quartuskit/25.3/109/linux64/riscfree/toolchain/riscv32-unknown-elf/lib/gcc/riscv32-unknown-elf/13.2.0/include;/nfs/site/disks/swbld_archive_5/quartuskit/25.3/109/linux64/riscfree/toolchain/riscv32-unknown-elf/lib/gcc/riscv32-unknown-elf/13.2.0/include-fixed;/nfs/site/disks/swbld_archive_5/quartuskit/25.3/109/linux64/riscfree/toolchain/riscv32-unknown-elf/riscv32-unknown-elf/include]


Parsed C implicit link information from above output:
  link line regex: [^( *|.*[/\])(riscv32-unknown-elf-ld|CMAKE_LINK_STARTFILE-NOTFOUND|([^/\]+-)?ld|collect2)[^/\]*( |$)]
  ignore line: [Change Dir: /nfs/site/disks/swuser_work_knithink/25.3/git/release/agilex5e-nios-ed/niosv_g/niosv_g_webserver_ping/sources/sw/app_freertos/build/CMakeFiles/CMakeTmp]
  ignore line: []
  ignore line: [Run Build Command(s):/usr/intel/bin/gmake cmTC_96d76/fast ]
  ignore line: [/usr/intel/bin/gmake -f CMakeFiles/cmTC_96d76.dir/build.make CMakeFiles/cmTC_96d76.dir/build]
  ignore line: [gmake[1]: Entering directory '/nfs/site/disks/swuser_work_knithink/25.3/git/release/agilex5e-nios-ed/niosv_g/niosv_g_webserver_ping/sources/sw/app_freertos/build/CMakeFiles/CMakeTmp']
  ignore line: [Building C object CMakeFiles/cmTC_96d76.dir/CMakeCCompilerABI.c.obj]
  ignore line: [/p/psg/swip/releases6/acdskit/25.3/109/linux64/riscfree/toolchain/riscv32-unknown-elf/bin/riscv32-unknown-elf-gcc   -v -o CMakeFiles/cmTC_96d76.dir/CMakeCCompilerABI.c.obj   -c /nfs/site/disks/psg_ctools_1/cmake/3.14.2/linux64/suse/share/cmake-3.14/Modules/CMakeCCompilerABI.c]
  ignore line: [Using built-in specs.]
  ignore line: [COLLECT_GCC=/p/psg/swip/releases6/acdskit/25.3/109/linux64/riscfree/toolchain/riscv32-unknown-elf/bin/riscv32-unknown-elf-gcc]
  ignore line: [Target: riscv32-unknown-elf]
  ignore line: [Configured with: ../../gcc/configure --target=riscv32-unknown-elf --prefix=/build/install --with-sysroot=/build/install/riscv32-unknown-elf --with-native-system-header-dir=/include --with-newlib --disable-shared --enable-languages=c,c++ --enable-tls --disable-werror --disable-libmudflap --disable-libssp --disable-quadmath --disable-libgomp --disable-nls --disable-bootstrap --enable-multilib --with-isa-spec=2.2 --with-multilib-generator='rv32e-ilp32e--zicbom rv32ea-ilp32e--zicbom rv32im-ilp32--zicbom rv32ia-ilp32--zicbom rv32ima-ilp32--zicbom rv32imf-ilp32--zicbom rv32imf-ilp32f--zicbom rv32imaf-ilp32--zicbom rv32imaf-ilp32f--zicbom rv64ima-lp64--zicbom rv64imaf-lp64--zicbom rv64imaf-lp64f--zicbom' --with-arch=rv32i --with-abi=ilp32 --with-zstd=no --with-system-zlib --enable-libstdcxx-pch=no --disable-werror]
  ignore line: [Thread model: single]
  ignore line: [Supported LTO compression algorithms: zlib]
  ignore line: [gcc version 13.2.0 (GCC) ]
  ignore line: [COLLECT_GCC_OPTIONS='-v' '-o' 'CMakeFiles/cmTC_96d76.dir/CMakeCCompilerABI.c.obj' '-c' '-march=rv32i' '-mabi=ilp32' '-misa-spec=2.2' '-march=rv32i' '-dumpdir' 'CMakeFiles/cmTC_96d76.dir/']
  ignore line: [ /nfs/site/disks/swbld_archive_5/quartuskit/25.3/109/linux64/riscfree/toolchain/riscv32-unknown-elf/bin/../libexec/gcc/riscv32-unknown-elf/13.2.0/cc1 -quiet -v -imultilib . -iprefix /nfs/site/disks/swbld_archive_5/quartuskit/25.3/109/linux64/riscfree/toolchain/riscv32-unknown-elf/bin/../lib/gcc/riscv32-unknown-elf/13.2.0/ -isysroot /nfs/site/disks/swbld_archive_5/quartuskit/25.3/109/linux64/riscfree/toolchain/riscv32-unknown-elf/bin/../riscv32-unknown-elf /nfs/site/disks/psg_ctools_1/cmake/3.14.2/linux64/suse/share/cmake-3.14/Modules/CMakeCCompilerABI.c -quiet -dumpdir CMakeFiles/cmTC_96d76.dir/ -dumpbase CMakeCCompilerABI.c.c -dumpbase-ext .c -march=rv32i -mabi=ilp32 -misa-spec=2.2 -march=rv32i -version -o /tmp/arc_1181436256/cctcj5rY.s]
  ignore line: [GNU C17 (GCC) version 13.2.0 (riscv32-unknown-elf)]
  ignore line: [	compiled by GNU C version 8.3.1 20190311 (Red Hat 8.3.1-3), GMP version 6.2.1, MPFR version 4.1.0, MPC version 1.2.1, isl version isl-0.24-GMP]
  ignore line: []
  ignore line: [warning: GMP header version 6.2.1 differs from library version 6.2.1.fix1.]
  ignore line: [GGC heuristics: --param ggc-min-expand=100 --param ggc-min-heapsize=131072]
  ignore line: [ignoring duplicate directory "/nfs/site/disks/swbld_archive_5/quartuskit/25.3/109/linux64/riscfree/toolchain/riscv32-unknown-elf/bin/../lib/gcc/../../lib/gcc/riscv32-unknown-elf/13.2.0/include"]
  ignore line: [ignoring nonexistent directory "/nfs/site/disks/swbld_archive_5/quartuskit/25.3/109/linux64/riscfree/toolchain/riscv32-unknown-elf/bin/../riscv32-unknown-elf/usr/local/include"]
  ignore line: [ignoring duplicate directory "/nfs/site/disks/swbld_archive_5/quartuskit/25.3/109/linux64/riscfree/toolchain/riscv32-unknown-elf/bin/../lib/gcc/../../lib/gcc/riscv32-unknown-elf/13.2.0/include-fixed"]
  ignore line: [ignoring duplicate directory "/nfs/site/disks/swbld_archive_5/quartuskit/25.3/109/linux64/riscfree/toolchain/riscv32-unknown-elf/bin/../lib/gcc/../../lib/gcc/riscv32-unknown-elf/13.2.0/../../../../riscv32-unknown-elf/include"]
  ignore line: [ignoring duplicate directory "/nfs/site/disks/swbld_archive_5/quartuskit/25.3/109/linux64/riscfree/toolchain/riscv32-unknown-elf/bin/../riscv32-unknown-elf/include"]
  ignore line: [#include "..." search starts here:]
  ignore line: [#include <...> search starts here:]
  ignore line: [ /nfs/site/disks/swbld_archive_5/quartuskit/25.3/109/linux64/riscfree/toolchain/riscv32-unknown-elf/bin/../lib/gcc/riscv32-unknown-elf/13.2.0/include]
  ignore line: [ /nfs/site/disks/swbld_archive_5/quartuskit/25.3/109/linux64/riscfree/toolchain/riscv32-unknown-elf/bin/../lib/gcc/riscv32-unknown-elf/13.2.0/include-fixed]
  ignore line: [ /nfs/site/disks/swbld_archive_5/quartuskit/25.3/109/linux64/riscfree/toolchain/riscv32-unknown-elf/bin/../lib/gcc/riscv32-unknown-elf/13.2.0/../../../../riscv32-unknown-elf/include]
  ignore line: [End of search list.]
  ignore line: [Compiler executable checksum: 36c165f0b8979f7845c1f97495d4f685]
  ignore line: [COLLECT_GCC_OPTIONS='-v' '-o' 'CMakeFiles/cmTC_96d76.dir/CMakeCCompilerABI.c.obj' '-c' '-march=rv32i' '-mabi=ilp32' '-misa-spec=2.2' '-march=rv32i' '-dumpdir' 'CMakeFiles/cmTC_96d76.dir/']
  ignore line: [ /nfs/site/disks/swbld_archive_5/quartuskit/25.3/109/linux64/riscfree/toolchain/riscv32-unknown-elf/bin/../lib/gcc/riscv32-unknown-elf/13.2.0/../../../../riscv32-unknown-elf/bin/as -v --traditional-format -march=rv32i -march=rv32i -mabi=ilp32 -misa-spec=2.2 -o CMakeFiles/cmTC_96d76.dir/CMakeCCompilerABI.c.obj /tmp/arc_1181436256/cctcj5rY.s]
  ignore line: [GNU assembler version 2.40.90 (riscv32-unknown-elf) using BFD version (GNU Binutils) 2.40.90.20230730]
  ignore line: [COMPILER_PATH=/nfs/site/disks/swbld_archive_5/quartuskit/25.3/109/linux64/riscfree/toolchain/riscv32-unknown-elf/bin/../libexec/gcc/riscv32-unknown-elf/13.2.0/:/nfs/site/disks/swbld_archive_5/quartuskit/25.3/109/linux64/riscfree/toolchain/riscv32-unknown-elf/bin/../libexec/gcc/:/nfs/site/disks/swbld_archive_5/quartuskit/25.3/109/linux64/riscfree/toolchain/riscv32-unknown-elf/bin/../lib/gcc/riscv32-unknown-elf/13.2.0/../../../../riscv32-unknown-elf/bin/]
  ignore line: [LIBRARY_PATH=/nfs/site/disks/swbld_archive_5/quartuskit/25.3/109/linux64/riscfree/toolchain/riscv32-unknown-elf/bin/../lib/gcc/riscv32-unknown-elf/13.2.0/:/nfs/site/disks/swbld_archive_5/quartuskit/25.3/109/linux64/riscfree/toolchain/riscv32-unknown-elf/bin/../lib/gcc/:/nfs/site/disks/swbld_archive_5/quartuskit/25.3/109/linux64/riscfree/toolchain/riscv32-unknown-elf/bin/../lib/gcc/riscv32-unknown-elf/13.2.0/../../../../riscv32-unknown-elf/lib/:/nfs/site/disks/swbld_archive_5/quartuskit/25.3/109/linux64/riscfree/toolchain/riscv32-unknown-elf/bin/../riscv32-unknown-elf/lib/]
  ignore line: [COLLECT_GCC_OPTIONS='-v' '-o' 'CMakeFiles/cmTC_96d76.dir/CMakeCCompilerABI.c.obj' '-c' '-march=rv32i' '-mabi=ilp32' '-misa-spec=2.2' '-march=rv32i' '-dumpdir' 'CMakeFiles/cmTC_96d76.dir/CMakeCCompilerABI.c.']
  ignore line: [Linking C static library libcmTC_96d76.a]
  ignore line: [/nfs/site/disks/psg_ctools_1/cmake/3.14.2/linux64/suse/bin/cmake -P CMakeFiles/cmTC_96d76.dir/cmake_clean_target.cmake]
  ignore line: [/nfs/site/disks/psg_ctools_1/cmake/3.14.2/linux64/suse/bin/cmake -E cmake_link_script CMakeFiles/cmTC_96d76.dir/link.txt --verbose=1]
  ignore line: [riscv32-unknown-elf-ar qc libcmTC_96d76.a  CMakeFiles/cmTC_96d76.dir/CMakeCCompilerABI.c.obj]
  ignore line: [/p/psg/swip/releases6/acdskit/25.3/109/linux64/riscfree/toolchain/riscv32-unknown-elf/bin/riscv32-unknown-elf-ranlib libcmTC_96d76.a]
  ignore line: [gmake[1]: Leaving directory '/nfs/site/disks/swuser_work_knithink/25.3/git/release/agilex5e-nios-ed/niosv_g/niosv_g_webserver_ping/sources/sw/app_freertos/build/CMakeFiles/CMakeTmp']
  ignore line: []
  implicit libs: []
  implicit dirs: []
  implicit fwks: []




Detecting C [-std=c11] compiler features compiled with the following output:
Change Dir: /nfs/site/disks/swuser_work_knithink/25.3/git/release/agilex5e-nios-ed/niosv_g/niosv_g_webserver_ping/sources/sw/app_freertos/build/CMakeFiles/CMakeTmp

Run Build Command(s):/usr/intel/bin/gmake cmTC_c7d8e/fast 
/usr/intel/bin/gmake -f CMakeFiles/cmTC_c7d8e.dir/build.make CMakeFiles/cmTC_c7d8e.dir/build
gmake[1]: Entering directory '/nfs/site/disks/swuser_work_knithink/25.3/git/release/agilex5e-nios-ed/niosv_g/niosv_g_webserver_ping/sources/sw/app_freertos/build/CMakeFiles/CMakeTmp'
Building C object CMakeFiles/cmTC_c7d8e.dir/feature_tests.c.obj
/p/psg/swip/releases6/acdskit/25.3/109/linux64/riscfree/toolchain/riscv32-unknown-elf/bin/riscv32-unknown-elf-gcc   -std=c11 -o CMakeFiles/cmTC_c7d8e.dir/feature_tests.c.obj   -c /nfs/site/disks/swuser_work_knithink/25.3/git/release/agilex5e-nios-ed/niosv_g/niosv_g_webserver_ping/sources/sw/app_freertos/build/CMakeFiles/feature_tests.c
Linking C static library libcmTC_c7d8e.a
/nfs/site/disks/psg_ctools_1/cmake/3.14.2/linux64/suse/bin/cmake -P CMakeFiles/cmTC_c7d8e.dir/cmake_clean_target.cmake
/nfs/site/disks/psg_ctools_1/cmake/3.14.2/linux64/suse/bin/cmake -E cmake_link_script CMakeFiles/cmTC_c7d8e.dir/link.txt --verbose=1
riscv32-unknown-elf-ar qc libcmTC_c7d8e.a  CMakeFiles/cmTC_c7d8e.dir/feature_tests.c.obj
/p/psg/swip/releases6/acdskit/25.3/109/linux64/riscfree/toolchain/riscv32-unknown-elf/bin/riscv32-unknown-elf-ranlib libcmTC_c7d8e.a
gmake[1]: Leaving directory '/nfs/site/disks/swuser_work_knithink/25.3/git/release/agilex5e-nios-ed/niosv_g/niosv_g_webserver_ping/sources/sw/app_freertos/build/CMakeFiles/CMakeTmp'


    Feature record: C_FEATURE:1c_function_prototypes
    Feature record: C_FEATURE:1c_restrict
    Feature record: C_FEATURE:1c_static_assert
    Feature record: C_FEATURE:1c_variadic_macros


Detecting C [-std=c99] compiler features compiled with the following output:
Change Dir: /nfs/site/disks/swuser_work_knithink/25.3/git/release/agilex5e-nios-ed/niosv_g/niosv_g_webserver_ping/sources/sw/app_freertos/build/CMakeFiles/CMakeTmp

Run Build Command(s):/usr/intel/bin/gmake cmTC_7611f/fast 
/usr/intel/bin/gmake -f CMakeFiles/cmTC_7611f.dir/build.make CMakeFiles/cmTC_7611f.dir/build
gmake[1]: Entering directory '/nfs/site/disks/swuser_work_knithink/25.3/git/release/agilex5e-nios-ed/niosv_g/niosv_g_webserver_ping/sources/sw/app_freertos/build/CMakeFiles/CMakeTmp'
Building C object CMakeFiles/cmTC_7611f.dir/feature_tests.c.obj
/p/psg/swip/releases6/acdskit/25.3/109/linux64/riscfree/toolchain/riscv32-unknown-elf/bin/riscv32-unknown-elf-gcc   -std=c99 -o CMakeFiles/cmTC_7611f.dir/feature_tests.c.obj   -c /nfs/site/disks/swuser_work_knithink/25.3/git/release/agilex5e-nios-ed/niosv_g/niosv_g_webserver_ping/sources/sw/app_freertos/build/CMakeFiles/feature_tests.c
Linking C static library libcmTC_7611f.a
/nfs/site/disks/psg_ctools_1/cmake/3.14.2/linux64/suse/bin/cmake -P CMakeFiles/cmTC_7611f.dir/cmake_clean_target.cmake
/nfs/site/disks/psg_ctools_1/cmake/3.14.2/linux64/suse/bin/cmake -E cmake_link_script CMakeFiles/cmTC_7611f.dir/link.txt --verbose=1
riscv32-unknown-elf-ar qc libcmTC_7611f.a  CMakeFiles/cmTC_7611f.dir/feature_tests.c.obj
/p/psg/swip/releases6/acdskit/25.3/109/linux64/riscfree/toolchain/riscv32-unknown-elf/bin/riscv32-unknown-elf-ranlib libcmTC_7611f.a
gmake[1]: Leaving directory '/nfs/site/disks/swuser_work_knithink/25.3/git/release/agilex5e-nios-ed/niosv_g/niosv_g_webserver_ping/sources/sw/app_freertos/build/CMakeFiles/CMakeTmp'


    Feature record: C_FEATURE:1c_function_prototypes
    Feature record: C_FEATURE:1c_restrict
    Feature record: C_FEATURE:0c_static_assert
    Feature record: C_FEATURE:1c_variadic_macros


Detecting C [-std=c90] compiler features compiled with the following output:
Change Dir: /nfs/site/disks/swuser_work_knithink/25.3/git/release/agilex5e-nios-ed/niosv_g/niosv_g_webserver_ping/sources/sw/app_freertos/build/CMakeFiles/CMakeTmp

Run Build Command(s):/usr/intel/bin/gmake cmTC_37206/fast 
/usr/intel/bin/gmake -f CMakeFiles/cmTC_37206.dir/build.make CMakeFiles/cmTC_37206.dir/build
gmake[1]: Entering directory '/nfs/site/disks/swuser_work_knithink/25.3/git/release/agilex5e-nios-ed/niosv_g/niosv_g_webserver_ping/sources/sw/app_freertos/build/CMakeFiles/CMakeTmp'
Building C object CMakeFiles/cmTC_37206.dir/feature_tests.c.obj
/p/psg/swip/releases6/acdskit/25.3/109/linux64/riscfree/toolchain/riscv32-unknown-elf/bin/riscv32-unknown-elf-gcc   -std=c90 -o CMakeFiles/cmTC_37206.dir/feature_tests.c.obj   -c /nfs/site/disks/swuser_work_knithink/25.3/git/release/agilex5e-nios-ed/niosv_g/niosv_g_webserver_ping/sources/sw/app_freertos/build/CMakeFiles/feature_tests.c
Linking C static library libcmTC_37206.a
/nfs/site/disks/psg_ctools_1/cmake/3.14.2/linux64/suse/bin/cmake -P CMakeFiles/cmTC_37206.dir/cmake_clean_target.cmake
/nfs/site/disks/psg_ctools_1/cmake/3.14.2/linux64/suse/bin/cmake -E cmake_link_script CMakeFiles/cmTC_37206.dir/link.txt --verbose=1
riscv32-unknown-elf-ar qc libcmTC_37206.a  CMakeFiles/cmTC_37206.dir/feature_tests.c.obj
/p/psg/swip/releases6/acdskit/25.3/109/linux64/riscfree/toolchain/riscv32-unknown-elf/bin/riscv32-unknown-elf-ranlib libcmTC_37206.a
gmake[1]: Leaving directory '/nfs/site/disks/swuser_work_knithink/25.3/git/release/agilex5e-nios-ed/niosv_g/niosv_g_webserver_ping/sources/sw/app_freertos/build/CMakeFiles/CMakeTmp'


    Feature record: C_FEATURE:1c_function_prototypes
    Feature record: C_FEATURE:0c_restrict
    Feature record: C_FEATURE:0c_static_assert
    Feature record: C_FEATURE:0c_variadic_macros
Determining if the CXX compiler works passed with the following output:
Change Dir: /nfs/site/disks/swuser_work_knithink/25.3/git/release/agilex5e-nios-ed/niosv_g/niosv_g_webserver_ping/sources/sw/app_freertos/build/CMakeFiles/CMakeTmp

Run Build Command(s):/usr/intel/bin/gmake cmTC_9ac22/fast 
/usr/intel/bin/gmake -f CMakeFiles/cmTC_9ac22.dir/build.make CMakeFiles/cmTC_9ac22.dir/build
gmake[1]: Entering directory '/nfs/site/disks/swuser_work_knithink/25.3/git/release/agilex5e-nios-ed/niosv_g/niosv_g_webserver_ping/sources/sw/app_freertos/build/CMakeFiles/CMakeTmp'
Building CXX object CMakeFiles/cmTC_9ac22.dir/testCXXCompiler.cxx.obj
/p/psg/swip/releases6/acdskit/25.3/109/linux64/riscfree/toolchain/riscv32-unknown-elf/bin/riscv32-unknown-elf-g++     -o CMakeFiles/cmTC_9ac22.dir/testCXXCompiler.cxx.obj -c /nfs/site/disks/swuser_work_knithink/25.3/git/release/agilex5e-nios-ed/niosv_g/niosv_g_webserver_ping/sources/sw/app_freertos/build/CMakeFiles/CMakeTmp/testCXXCompiler.cxx
Linking CXX static library libcmTC_9ac22.a
/nfs/site/disks/psg_ctools_1/cmake/3.14.2/linux64/suse/bin/cmake -P CMakeFiles/cmTC_9ac22.dir/cmake_clean_target.cmake
/nfs/site/disks/psg_ctools_1/cmake/3.14.2/linux64/suse/bin/cmake -E cmake_link_script CMakeFiles/cmTC_9ac22.dir/link.txt --verbose=1
riscv32-unknown-elf-ar qc libcmTC_9ac22.a  CMakeFiles/cmTC_9ac22.dir/testCXXCompiler.cxx.obj
/p/psg/swip/releases6/acdskit/25.3/109/linux64/riscfree/toolchain/riscv32-unknown-elf/bin/riscv32-unknown-elf-ranlib libcmTC_9ac22.a
gmake[1]: Leaving directory '/nfs/site/disks/swuser_work_knithink/25.3/git/release/agilex5e-nios-ed/niosv_g/niosv_g_webserver_ping/sources/sw/app_freertos/build/CMakeFiles/CMakeTmp'


Detecting CXX compiler ABI info compiled with the following output:
Change Dir: /nfs/site/disks/swuser_work_knithink/25.3/git/release/agilex5e-nios-ed/niosv_g/niosv_g_webserver_ping/sources/sw/app_freertos/build/CMakeFiles/CMakeTmp

Run Build Command(s):/usr/intel/bin/gmake cmTC_f8054/fast 
/usr/intel/bin/gmake -f CMakeFiles/cmTC_f8054.dir/build.make CMakeFiles/cmTC_f8054.dir/build
gmake[1]: Entering directory '/nfs/site/disks/swuser_work_knithink/25.3/git/release/agilex5e-nios-ed/niosv_g/niosv_g_webserver_ping/sources/sw/app_freertos/build/CMakeFiles/CMakeTmp'
Building CXX object CMakeFiles/cmTC_f8054.dir/CMakeCXXCompilerABI.cpp.obj
/p/psg/swip/releases6/acdskit/25.3/109/linux64/riscfree/toolchain/riscv32-unknown-elf/bin/riscv32-unknown-elf-g++    -v -o CMakeFiles/cmTC_f8054.dir/CMakeCXXCompilerABI.cpp.obj -c /nfs/site/disks/psg_ctools_1/cmake/3.14.2/linux64/suse/share/cmake-3.14/Modules/CMakeCXXCompilerABI.cpp
Using built-in specs.
COLLECT_GCC=/p/psg/swip/releases6/acdskit/25.3/109/linux64/riscfree/toolchain/riscv32-unknown-elf/bin/riscv32-unknown-elf-g++
Target: riscv32-unknown-elf
Configured with: ../../gcc/configure --target=riscv32-unknown-elf --prefix=/build/install --with-sysroot=/build/install/riscv32-unknown-elf --with-native-system-header-dir=/include --with-newlib --disable-shared --enable-languages=c,c++ --enable-tls --disable-werror --disable-libmudflap --disable-libssp --disable-quadmath --disable-libgomp --disable-nls --disable-bootstrap --enable-multilib --with-isa-spec=2.2 --with-multilib-generator='rv32e-ilp32e--zicbom rv32ea-ilp32e--zicbom rv32im-ilp32--zicbom rv32ia-ilp32--zicbom rv32ima-ilp32--zicbom rv32imf-ilp32--zicbom rv32imf-ilp32f--zicbom rv32imaf-ilp32--zicbom rv32imaf-ilp32f--zicbom rv64ima-lp64--zicbom rv64imaf-lp64--zicbom rv64imaf-lp64f--zicbom' --with-arch=rv32i --with-abi=ilp32 --with-zstd=no --with-system-zlib --enable-libstdcxx-pch=no --disable-werror
Thread model: single
Supported LTO compression algorithms: zlib
gcc version 13.2.0 (GCC) 
COLLECT_GCC_OPTIONS='-v' '-o' 'CMakeFiles/cmTC_f8054.dir/CMakeCXXCompilerABI.cpp.obj' '-c' '-march=rv32i' '-mabi=ilp32' '-misa-spec=2.2' '-march=rv32i' '-dumpdir' 'CMakeFiles/cmTC_f8054.dir/'
 /nfs/site/disks/swbld_archive_5/quartuskit/25.3/109/linux64/riscfree/toolchain/riscv32-unknown-elf/bin/../libexec/gcc/riscv32-unknown-elf/13.2.0/cc1plus -quiet -v -imultilib . -iprefix /nfs/site/disks/swbld_archive_5/quartuskit/25.3/109/linux64/riscfree/toolchain/riscv32-unknown-elf/bin/../lib/gcc/riscv32-unknown-elf/13.2.0/ -isysroot /nfs/site/disks/swbld_archive_5/quartuskit/25.3/109/linux64/riscfree/toolchain/riscv32-unknown-elf/bin/../riscv32-unknown-elf /nfs/site/disks/psg_ctools_1/cmake/3.14.2/linux64/suse/share/cmake-3.14/Modules/CMakeCXXCompilerABI.cpp -quiet -dumpdir CMakeFiles/cmTC_f8054.dir/ -dumpbase CMakeCXXCompilerABI.cpp.cpp -dumpbase-ext .cpp -march=rv32i -mabi=ilp32 -misa-spec=2.2 -march=rv32i -version -o /tmp/arc_1181436256/ccRXmsDF.s
GNU C++17 (GCC) version 13.2.0 (riscv32-unknown-elf)
	compiled by GNU C version 8.3.1 20190311 (Red Hat 8.3.1-3), GMP version 6.2.1, MPFR version 4.1.0, MPC version 1.2.1, isl version isl-0.24-GMP

warning: GMP header version 6.2.1 differs from library version 6.2.1.fix1.
GGC heuristics: --param ggc-min-expand=100 --param ggc-min-heapsize=131072
ignoring duplicate directory "/nfs/site/disks/swbld_archive_5/quartuskit/25.3/109/linux64/riscfree/toolchain/riscv32-unknown-elf/bin/../lib/gcc/../../lib/gcc/riscv32-unknown-elf/13.2.0/../../../../riscv32-unknown-elf/include/c++/13.2.0"
ignoring duplicate directory "/nfs/site/disks/swbld_archive_5/quartuskit/25.3/109/linux64/riscfree/toolchain/riscv32-unknown-elf/bin/../lib/gcc/../../lib/gcc/riscv32-unknown-elf/13.2.0/../../../../riscv32-unknown-elf/include/c++/13.2.0/riscv32-unknown-elf/."
ignoring duplicate directory "/nfs/site/disks/swbld_archive_5/quartuskit/25.3/109/linux64/riscfree/toolchain/riscv32-unknown-elf/bin/../lib/gcc/../../lib/gcc/riscv32-unknown-elf/13.2.0/../../../../riscv32-unknown-elf/include/c++/13.2.0/backward"
ignoring duplicate directory "/nfs/site/disks/swbld_archive_5/quartuskit/25.3/109/linux64/riscfree/toolchain/riscv32-unknown-elf/bin/../lib/gcc/../../lib/gcc/riscv32-unknown-elf/13.2.0/include"
ignoring nonexistent directory "/nfs/site/disks/swbld_archive_5/quartuskit/25.3/109/linux64/riscfree/toolchain/riscv32-unknown-elf/bin/../riscv32-unknown-elf/usr/local/include"
ignoring duplicate directory "/nfs/site/disks/swbld_archive_5/quartuskit/25.3/109/linux64/riscfree/toolchain/riscv32-unknown-elf/bin/../lib/gcc/../../lib/gcc/riscv32-unknown-elf/13.2.0/include-fixed"
ignoring duplicate directory "/nfs/site/disks/swbld_archive_5/quartuskit/25.3/109/linux64/riscfree/toolchain/riscv32-unknown-elf/bin/../lib/gcc/../../lib/gcc/riscv32-unknown-elf/13.2.0/../../../../riscv32-unknown-elf/include"
ignoring duplicate directory "/nfs/site/disks/swbld_archive_5/quartuskit/25.3/109/linux64/riscfree/toolchain/riscv32-unknown-elf/bin/../riscv32-unknown-elf/include"
#include "..." search starts here:
#include <...> search starts here:
 /nfs/site/disks/swbld_archive_5/quartuskit/25.3/109/linux64/riscfree/toolchain/riscv32-unknown-elf/bin/../lib/gcc/riscv32-unknown-elf/13.2.0/../../../../riscv32-unknown-elf/include/c++/13.2.0
 /nfs/site/disks/swbld_archive_5/quartuskit/25.3/109/linux64/riscfree/toolchain/riscv32-unknown-elf/bin/../lib/gcc/riscv32-unknown-elf/13.2.0/../../../../riscv32-unknown-elf/include/c++/13.2.0/riscv32-unknown-elf/.
 /nfs/site/disks/swbld_archive_5/quartuskit/25.3/109/linux64/riscfree/toolchain/riscv32-unknown-elf/bin/../lib/gcc/riscv32-unknown-elf/13.2.0/../../../../riscv32-unknown-elf/include/c++/13.2.0/backward
 /nfs/site/disks/swbld_archive_5/quartuskit/25.3/109/linux64/riscfree/toolchain/riscv32-unknown-elf/bin/../lib/gcc/riscv32-unknown-elf/13.2.0/include
 /nfs/site/disks/swbld_archive_5/quartuskit/25.3/109/linux64/riscfree/toolchain/riscv32-unknown-elf/bin/../lib/gcc/riscv32-unknown-elf/13.2.0/include-fixed
 /nfs/site/disks/swbld_archive_5/quartuskit/25.3/109/linux64/riscfree/toolchain/riscv32-unknown-elf/bin/../lib/gcc/riscv32-unknown-elf/13.2.0/../../../../riscv32-unknown-elf/include
End of search list.
Compiler executable checksum: d25b0579c2889d3121af47bd6e3da33d
COLLECT_GCC_OPTIONS='-v' '-o' 'CMakeFiles/cmTC_f8054.dir/CMakeCXXCompilerABI.cpp.obj' '-c' '-march=rv32i' '-mabi=ilp32' '-misa-spec=2.2' '-march=rv32i' '-dumpdir' 'CMakeFiles/cmTC_f8054.dir/'
 /nfs/site/disks/swbld_archive_5/quartuskit/25.3/109/linux64/riscfree/toolchain/riscv32-unknown-elf/bin/../lib/gcc/riscv32-unknown-elf/13.2.0/../../../../riscv32-unknown-elf/bin/as -v --traditional-format -march=rv32i -march=rv32i -mabi=ilp32 -misa-spec=2.2 -o CMakeFiles/cmTC_f8054.dir/CMakeCXXCompilerABI.cpp.obj /tmp/arc_1181436256/ccRXmsDF.s
GNU assembler version 2.40.90 (riscv32-unknown-elf) using BFD version (GNU Binutils) 2.40.90.20230730
COMPILER_PATH=/nfs/site/disks/swbld_archive_5/quartuskit/25.3/109/linux64/riscfree/toolchain/riscv32-unknown-elf/bin/../libexec/gcc/riscv32-unknown-elf/13.2.0/:/nfs/site/disks/swbld_archive_5/quartuskit/25.3/109/linux64/riscfree/toolchain/riscv32-unknown-elf/bin/../libexec/gcc/:/nfs/site/disks/swbld_archive_5/quartuskit/25.3/109/linux64/riscfree/toolchain/riscv32-unknown-elf/bin/../lib/gcc/riscv32-unknown-elf/13.2.0/../../../../riscv32-unknown-elf/bin/
LIBRARY_PATH=/nfs/site/disks/swbld_archive_5/quartuskit/25.3/109/linux64/riscfree/toolchain/riscv32-unknown-elf/bin/../lib/gcc/riscv32-unknown-elf/13.2.0/:/nfs/site/disks/swbld_archive_5/quartuskit/25.3/109/linux64/riscfree/toolchain/riscv32-unknown-elf/bin/../lib/gcc/:/nfs/site/disks/swbld_archive_5/quartuskit/25.3/109/linux64/riscfree/toolchain/riscv32-unknown-elf/bin/../lib/gcc/riscv32-unknown-elf/13.2.0/../../../../riscv32-unknown-elf/lib/:/nfs/site/disks/swbld_archive_5/quartuskit/25.3/109/linux64/riscfree/toolchain/riscv32-unknown-elf/bin/../riscv32-unknown-elf/lib/
COLLECT_GCC_OPTIONS='-v' '-o' 'CMakeFiles/cmTC_f8054.dir/CMakeCXXCompilerABI.cpp.obj' '-c' '-march=rv32i' '-mabi=ilp32' '-misa-spec=2.2' '-march=rv32i' '-dumpdir' 'CMakeFiles/cmTC_f8054.dir/CMakeCXXCompilerABI.cpp.'
Linking CXX static library libcmTC_f8054.a
/nfs/site/disks/psg_ctools_1/cmake/3.14.2/linux64/suse/bin/cmake -P CMakeFiles/cmTC_f8054.dir/cmake_clean_target.cmake
/nfs/site/disks/psg_ctools_1/cmake/3.14.2/linux64/suse/bin/cmake -E cmake_link_script CMakeFiles/cmTC_f8054.dir/link.txt --verbose=1
riscv32-unknown-elf-ar qc libcmTC_f8054.a  CMakeFiles/cmTC_f8054.dir/CMakeCXXCompilerABI.cpp.obj
/p/psg/swip/releases6/acdskit/25.3/109/linux64/riscfree/toolchain/riscv32-unknown-elf/bin/riscv32-unknown-elf-ranlib libcmTC_f8054.a
gmake[1]: Leaving directory '/nfs/site/disks/swuser_work_knithink/25.3/git/release/agilex5e-nios-ed/niosv_g/niosv_g_webserver_ping/sources/sw/app_freertos/build/CMakeFiles/CMakeTmp'


Parsed CXX implicit include dir info from above output: rv=done
  found start of include info
  found start of implicit include info
    add: [/nfs/site/disks/swbld_archive_5/quartuskit/25.3/109/linux64/riscfree/toolchain/riscv32-unknown-elf/bin/../lib/gcc/riscv32-unknown-elf/13.2.0/../../../../riscv32-unknown-elf/include/c++/13.2.0]
    add: [/nfs/site/disks/swbld_archive_5/quartuskit/25.3/109/linux64/riscfree/toolchain/riscv32-unknown-elf/bin/../lib/gcc/riscv32-unknown-elf/13.2.0/../../../../riscv32-unknown-elf/include/c++/13.2.0/riscv32-unknown-elf/.]
    add: [/nfs/site/disks/swbld_archive_5/quartuskit/25.3/109/linux64/riscfree/toolchain/riscv32-unknown-elf/bin/../lib/gcc/riscv32-unknown-elf/13.2.0/../../../../riscv32-unknown-elf/include/c++/13.2.0/backward]
    add: [/nfs/site/disks/swbld_archive_5/quartuskit/25.3/109/linux64/riscfree/toolchain/riscv32-unknown-elf/bin/../lib/gcc/riscv32-unknown-elf/13.2.0/include]
    add: [/nfs/site/disks/swbld_archive_5/quartuskit/25.3/109/linux64/riscfree/toolchain/riscv32-unknown-elf/bin/../lib/gcc/riscv32-unknown-elf/13.2.0/include-fixed]
    add: [/nfs/site/disks/swbld_archive_5/quartuskit/25.3/109/linux64/riscfree/toolchain/riscv32-unknown-elf/bin/../lib/gcc/riscv32-unknown-elf/13.2.0/../../../../riscv32-unknown-elf/include]
  end of search list found
  collapse include dir [/nfs/site/disks/swbld_archive_5/quartuskit/25.3/109/linux64/riscfree/toolchain/riscv32-unknown-elf/bin/../lib/gcc/riscv32-unknown-elf/13.2.0/../../../../riscv32-unknown-elf/include/c++/13.2.0] ==> [/nfs/site/disks/swbld_archive_5/quartuskit/25.3/109/linux64/riscfree/toolchain/riscv32-unknown-elf/riscv32-unknown-elf/include/c++/13.2.0]
  collapse include dir [/nfs/site/disks/swbld_archive_5/quartuskit/25.3/109/linux64/riscfree/toolchain/riscv32-unknown-elf/bin/../lib/gcc/riscv32-unknown-elf/13.2.0/../../../../riscv32-unknown-elf/include/c++/13.2.0/riscv32-unknown-elf/.] ==> [/nfs/site/disks/swbld_archive_5/quartuskit/25.3/109/linux64/riscfree/toolchain/riscv32-unknown-elf/riscv32-unknown-elf/include/c++/13.2.0/riscv32-unknown-elf]
  collapse include dir [/nfs/site/disks/swbld_archive_5/quartuskit/25.3/109/linux64/riscfree/toolchain/riscv32-unknown-elf/bin/../lib/gcc/riscv32-unknown-elf/13.2.0/../../../../riscv32-unknown-elf/include/c++/13.2.0/backward] ==> [/nfs/site/disks/swbld_archive_5/quartuskit/25.3/109/linux64/riscfree/toolchain/riscv32-unknown-elf/riscv32-unknown-elf/include/c++/13.2.0/backward]
  collapse include dir [/nfs/site/disks/swbld_archive_5/quartuskit/25.3/109/linux64/riscfree/toolchain/riscv32-unknown-elf/bin/../lib/gcc/riscv32-unknown-elf/13.2.0/include] ==> [/nfs/site/disks/swbld_archive_5/quartuskit/25.3/109/linux64/riscfree/toolchain/riscv32-unknown-elf/lib/gcc/riscv32-unknown-elf/13.2.0/include]
  collapse include dir [/nfs/site/disks/swbld_archive_5/quartuskit/25.3/109/linux64/riscfree/toolchain/riscv32-unknown-elf/bin/../lib/gcc/riscv32-unknown-elf/13.2.0/include-fixed] ==> [/nfs/site/disks/swbld_archive_5/quartuskit/25.3/109/linux64/riscfree/toolchain/riscv32-unknown-elf/lib/gcc/riscv32-unknown-elf/13.2.0/include-fixed]
  collapse include dir [/nfs/site/disks/swbld_archive_5/quartuskit/25.3/109/linux64/riscfree/toolchain/riscv32-unknown-elf/bin/../lib/gcc/riscv32-unknown-elf/13.2.0/../../../../riscv32-unknown-elf/include] ==> [/nfs/site/disks/swbld_archive_5/quartuskit/25.3/109/linux64/riscfree/toolchain/riscv32-unknown-elf/riscv32-unknown-elf/include]
  implicit include dirs: [/nfs/site/disks/swbld_archive_5/quartuskit/25.3/109/linux64/riscfree/toolchain/riscv32-unknown-elf/riscv32-unknown-elf/include/c++/13.2.0;/nfs/site/disks/swbld_archive_5/quartuskit/25.3/109/linux64/riscfree/toolchain/riscv32-unknown-elf/riscv32-unknown-elf/include/c++/13.2.0/riscv32-unknown-elf;/nfs/site/disks/swbld_archive_5/quartuskit/25.3/109/linux64/riscfree/toolchain/riscv32-unknown-elf/riscv32-unknown-elf/include/c++/13.2.0/backward;/nfs/site/disks/swbld_archive_5/quartuskit/25.3/109/linux64/riscfree/toolchain/riscv32-unknown-elf/lib/gcc/riscv32-unknown-elf/13.2.0/include;/nfs/site/disks/swbld_archive_5/quartuskit/25.3/109/linux64/riscfree/toolchain/riscv32-unknown-elf/lib/gcc/riscv32-unknown-elf/13.2.0/include-fixed;/nfs/site/disks/swbld_archive_5/quartuskit/25.3/109/linux64/riscfree/toolchain/riscv32-unknown-elf/riscv32-unknown-elf/include]


Parsed CXX implicit link information from above output:
  link line regex: [^( *|.*[/\])(riscv32-unknown-elf-ld|CMAKE_LINK_STARTFILE-NOTFOUND|([^/\]+-)?ld|collect2)[^/\]*( |$)]
  ignore line: [Change Dir: /nfs/site/disks/swuser_work_knithink/25.3/git/release/agilex5e-nios-ed/niosv_g/niosv_g_webserver_ping/sources/sw/app_freertos/build/CMakeFiles/CMakeTmp]
  ignore line: []
  ignore line: [Run Build Command(s):/usr/intel/bin/gmake cmTC_f8054/fast ]
  ignore line: [/usr/intel/bin/gmake -f CMakeFiles/cmTC_f8054.dir/build.make CMakeFiles/cmTC_f8054.dir/build]
  ignore line: [gmake[1]: Entering directory '/nfs/site/disks/swuser_work_knithink/25.3/git/release/agilex5e-nios-ed/niosv_g/niosv_g_webserver_ping/sources/sw/app_freertos/build/CMakeFiles/CMakeTmp']
  ignore line: [Building CXX object CMakeFiles/cmTC_f8054.dir/CMakeCXXCompilerABI.cpp.obj]
  ignore line: [/p/psg/swip/releases6/acdskit/25.3/109/linux64/riscfree/toolchain/riscv32-unknown-elf/bin/riscv32-unknown-elf-g++    -v -o CMakeFiles/cmTC_f8054.dir/CMakeCXXCompilerABI.cpp.obj -c /nfs/site/disks/psg_ctools_1/cmake/3.14.2/linux64/suse/share/cmake-3.14/Modules/CMakeCXXCompilerABI.cpp]
  ignore line: [Using built-in specs.]
  ignore line: [COLLECT_GCC=/p/psg/swip/releases6/acdskit/25.3/109/linux64/riscfree/toolchain/riscv32-unknown-elf/bin/riscv32-unknown-elf-g++]
  ignore line: [Target: riscv32-unknown-elf]
  ignore line: [Configured with: ../../gcc/configure --target=riscv32-unknown-elf --prefix=/build/install --with-sysroot=/build/install/riscv32-unknown-elf --with-native-system-header-dir=/include --with-newlib --disable-shared --enable-languages=c,c++ --enable-tls --disable-werror --disable-libmudflap --disable-libssp --disable-quadmath --disable-libgomp --disable-nls --disable-bootstrap --enable-multilib --with-isa-spec=2.2 --with-multilib-generator='rv32e-ilp32e--zicbom rv32ea-ilp32e--zicbom rv32im-ilp32--zicbom rv32ia-ilp32--zicbom rv32ima-ilp32--zicbom rv32imf-ilp32--zicbom rv32imf-ilp32f--zicbom rv32imaf-ilp32--zicbom rv32imaf-ilp32f--zicbom rv64ima-lp64--zicbom rv64imaf-lp64--zicbom rv64imaf-lp64f--zicbom' --with-arch=rv32i --with-abi=ilp32 --with-zstd=no --with-system-zlib --enable-libstdcxx-pch=no --disable-werror]
  ignore line: [Thread model: single]
  ignore line: [Supported LTO compression algorithms: zlib]
  ignore line: [gcc version 13.2.0 (GCC) ]
  ignore line: [COLLECT_GCC_OPTIONS='-v' '-o' 'CMakeFiles/cmTC_f8054.dir/CMakeCXXCompilerABI.cpp.obj' '-c' '-march=rv32i' '-mabi=ilp32' '-misa-spec=2.2' '-march=rv32i' '-dumpdir' 'CMakeFiles/cmTC_f8054.dir/']
  ignore line: [ /nfs/site/disks/swbld_archive_5/quartuskit/25.3/109/linux64/riscfree/toolchain/riscv32-unknown-elf/bin/../libexec/gcc/riscv32-unknown-elf/13.2.0/cc1plus -quiet -v -imultilib . -iprefix /nfs/site/disks/swbld_archive_5/quartuskit/25.3/109/linux64/riscfree/toolchain/riscv32-unknown-elf/bin/../lib/gcc/riscv32-unknown-elf/13.2.0/ -isysroot /nfs/site/disks/swbld_archive_5/quartuskit/25.3/109/linux64/riscfree/toolchain/riscv32-unknown-elf/bin/../riscv32-unknown-elf /nfs/site/disks/psg_ctools_1/cmake/3.14.2/linux64/suse/share/cmake-3.14/Modules/CMakeCXXCompilerABI.cpp -quiet -dumpdir CMakeFiles/cmTC_f8054.dir/ -dumpbase CMakeCXXCompilerABI.cpp.cpp -dumpbase-ext .cpp -march=rv32i -mabi=ilp32 -misa-spec=2.2 -march=rv32i -version -o /tmp/arc_1181436256/ccRXmsDF.s]
  ignore line: [GNU C++17 (GCC) version 13.2.0 (riscv32-unknown-elf)]
  ignore line: [	compiled by GNU C version 8.3.1 20190311 (Red Hat 8.3.1-3), GMP version 6.2.1, MPFR version 4.1.0, MPC version 1.2.1, isl version isl-0.24-GMP]
  ignore line: []
  ignore line: [warning: GMP header version 6.2.1 differs from library version 6.2.1.fix1.]
  ignore line: [GGC heuristics: --param ggc-min-expand=100 --param ggc-min-heapsize=131072]
  ignore line: [ignoring duplicate directory "/nfs/site/disks/swbld_archive_5/quartuskit/25.3/109/linux64/riscfree/toolchain/riscv32-unknown-elf/bin/../lib/gcc/../../lib/gcc/riscv32-unknown-elf/13.2.0/../../../../riscv32-unknown-elf/include/c++/13.2.0"]
  ignore line: [ignoring duplicate directory "/nfs/site/disks/swbld_archive_5/quartuskit/25.3/109/linux64/riscfree/toolchain/riscv32-unknown-elf/bin/../lib/gcc/../../lib/gcc/riscv32-unknown-elf/13.2.0/../../../../riscv32-unknown-elf/include/c++/13.2.0/riscv32-unknown-elf/."]
  ignore line: [ignoring duplicate directory "/nfs/site/disks/swbld_archive_5/quartuskit/25.3/109/linux64/riscfree/toolchain/riscv32-unknown-elf/bin/../lib/gcc/../../lib/gcc/riscv32-unknown-elf/13.2.0/../../../../riscv32-unknown-elf/include/c++/13.2.0/backward"]
  ignore line: [ignoring duplicate directory "/nfs/site/disks/swbld_archive_5/quartuskit/25.3/109/linux64/riscfree/toolchain/riscv32-unknown-elf/bin/../lib/gcc/../../lib/gcc/riscv32-unknown-elf/13.2.0/include"]
  ignore line: [ignoring nonexistent directory "/nfs/site/disks/swbld_archive_5/quartuskit/25.3/109/linux64/riscfree/toolchain/riscv32-unknown-elf/bin/../riscv32-unknown-elf/usr/local/include"]
  ignore line: [ignoring duplicate directory "/nfs/site/disks/swbld_archive_5/quartuskit/25.3/109/linux64/riscfree/toolchain/riscv32-unknown-elf/bin/../lib/gcc/../../lib/gcc/riscv32-unknown-elf/13.2.0/include-fixed"]
  ignore line: [ignoring duplicate directory "/nfs/site/disks/swbld_archive_5/quartuskit/25.3/109/linux64/riscfree/toolchain/riscv32-unknown-elf/bin/../lib/gcc/../../lib/gcc/riscv32-unknown-elf/13.2.0/../../../../riscv32-unknown-elf/include"]
  ignore line: [ignoring duplicate directory "/nfs/site/disks/swbld_archive_5/quartuskit/25.3/109/linux64/riscfree/toolchain/riscv32-unknown-elf/bin/../riscv32-unknown-elf/include"]
  ignore line: [#include "..." search starts here:]
  ignore line: [#include <...> search starts here:]
  ignore line: [ /nfs/site/disks/swbld_archive_5/quartuskit/25.3/109/linux64/riscfree/toolchain/riscv32-unknown-elf/bin/../lib/gcc/riscv32-unknown-elf/13.2.0/../../../../riscv32-unknown-elf/include/c++/13.2.0]
  ignore line: [ /nfs/site/disks/swbld_archive_5/quartuskit/25.3/109/linux64/riscfree/toolchain/riscv32-unknown-elf/bin/../lib/gcc/riscv32-unknown-elf/13.2.0/../../../../riscv32-unknown-elf/include/c++/13.2.0/riscv32-unknown-elf/.]
  ignore line: [ /nfs/site/disks/swbld_archive_5/quartuskit/25.3/109/linux64/riscfree/toolchain/riscv32-unknown-elf/bin/../lib/gcc/riscv32-unknown-elf/13.2.0/../../../../riscv32-unknown-elf/include/c++/13.2.0/backward]
  ignore line: [ /nfs/site/disks/swbld_archive_5/quartuskit/25.3/109/linux64/riscfree/toolchain/riscv32-unknown-elf/bin/../lib/gcc/riscv32-unknown-elf/13.2.0/include]
  ignore line: [ /nfs/site/disks/swbld_archive_5/quartuskit/25.3/109/linux64/riscfree/toolchain/riscv32-unknown-elf/bin/../lib/gcc/riscv32-unknown-elf/13.2.0/include-fixed]
  ignore line: [ /nfs/site/disks/swbld_archive_5/quartuskit/25.3/109/linux64/riscfree/toolchain/riscv32-unknown-elf/bin/../lib/gcc/riscv32-unknown-elf/13.2.0/../../../../riscv32-unknown-elf/include]
  ignore line: [End of search list.]
  ignore line: [Compiler executable checksum: d25b0579c2889d3121af47bd6e3da33d]
  ignore line: [COLLECT_GCC_OPTIONS='-v' '-o' 'CMakeFiles/cmTC_f8054.dir/CMakeCXXCompilerABI.cpp.obj' '-c' '-march=rv32i' '-mabi=ilp32' '-misa-spec=2.2' '-march=rv32i' '-dumpdir' 'CMakeFiles/cmTC_f8054.dir/']
  ignore line: [ /nfs/site/disks/swbld_archive_5/quartuskit/25.3/109/linux64/riscfree/toolchain/riscv32-unknown-elf/bin/../lib/gcc/riscv32-unknown-elf/13.2.0/../../../../riscv32-unknown-elf/bin/as -v --traditional-format -march=rv32i -march=rv32i -mabi=ilp32 -misa-spec=2.2 -o CMakeFiles/cmTC_f8054.dir/CMakeCXXCompilerABI.cpp.obj /tmp/arc_1181436256/ccRXmsDF.s]
  ignore line: [GNU assembler version 2.40.90 (riscv32-unknown-elf) using BFD version (GNU Binutils) 2.40.90.20230730]
  ignore line: [COMPILER_PATH=/nfs/site/disks/swbld_archive_5/quartuskit/25.3/109/linux64/riscfree/toolchain/riscv32-unknown-elf/bin/../libexec/gcc/riscv32-unknown-elf/13.2.0/:/nfs/site/disks/swbld_archive_5/quartuskit/25.3/109/linux64/riscfree/toolchain/riscv32-unknown-elf/bin/../libexec/gcc/:/nfs/site/disks/swbld_archive_5/quartuskit/25.3/109/linux64/riscfree/toolchain/riscv32-unknown-elf/bin/../lib/gcc/riscv32-unknown-elf/13.2.0/../../../../riscv32-unknown-elf/bin/]
  ignore line: [LIBRARY_PATH=/nfs/site/disks/swbld_archive_5/quartuskit/25.3/109/linux64/riscfree/toolchain/riscv32-unknown-elf/bin/../lib/gcc/riscv32-unknown-elf/13.2.0/:/nfs/site/disks/swbld_archive_5/quartuskit/25.3/109/linux64/riscfree/toolchain/riscv32-unknown-elf/bin/../lib/gcc/:/nfs/site/disks/swbld_archive_5/quartuskit/25.3/109/linux64/riscfree/toolchain/riscv32-unknown-elf/bin/../lib/gcc/riscv32-unknown-elf/13.2.0/../../../../riscv32-unknown-elf/lib/:/nfs/site/disks/swbld_archive_5/quartuskit/25.3/109/linux64/riscfree/toolchain/riscv32-unknown-elf/bin/../riscv32-unknown-elf/lib/]
  ignore line: [COLLECT_GCC_OPTIONS='-v' '-o' 'CMakeFiles/cmTC_f8054.dir/CMakeCXXCompilerABI.cpp.obj' '-c' '-march=rv32i' '-mabi=ilp32' '-misa-spec=2.2' '-march=rv32i' '-dumpdir' 'CMakeFiles/cmTC_f8054.dir/CMakeCXXCompilerABI.cpp.']
  ignore line: [Linking CXX static library libcmTC_f8054.a]
  ignore line: [/nfs/site/disks/psg_ctools_1/cmake/3.14.2/linux64/suse/bin/cmake -P CMakeFiles/cmTC_f8054.dir/cmake_clean_target.cmake]
  ignore line: [/nfs/site/disks/psg_ctools_1/cmake/3.14.2/linux64/suse/bin/cmake -E cmake_link_script CMakeFiles/cmTC_f8054.dir/link.txt --verbose=1]
  ignore line: [riscv32-unknown-elf-ar qc libcmTC_f8054.a  CMakeFiles/cmTC_f8054.dir/CMakeCXXCompilerABI.cpp.obj]
  ignore line: [/p/psg/swip/releases6/acdskit/25.3/109/linux64/riscfree/toolchain/riscv32-unknown-elf/bin/riscv32-unknown-elf-ranlib libcmTC_f8054.a]
  ignore line: [gmake[1]: Leaving directory '/nfs/site/disks/swuser_work_knithink/25.3/git/release/agilex5e-nios-ed/niosv_g/niosv_g_webserver_ping/sources/sw/app_freertos/build/CMakeFiles/CMakeTmp']
  ignore line: []
  implicit libs: []
  implicit dirs: []
  implicit fwks: []




Detecting CXX [-std=c++2a] compiler features compiled with the following output:
Change Dir: /nfs/site/disks/swuser_work_knithink/25.3/git/release/agilex5e-nios-ed/niosv_g/niosv_g_webserver_ping/sources/sw/app_freertos/build/CMakeFiles/CMakeTmp

Run Build Command(s):/usr/intel/bin/gmake cmTC_a5a63/fast 
/usr/intel/bin/gmake -f CMakeFiles/cmTC_a5a63.dir/build.make CMakeFiles/cmTC_a5a63.dir/build
gmake[1]: Entering directory '/nfs/site/disks/swuser_work_knithink/25.3/git/release/agilex5e-nios-ed/niosv_g/niosv_g_webserver_ping/sources/sw/app_freertos/build/CMakeFiles/CMakeTmp'
Building CXX object CMakeFiles/cmTC_a5a63.dir/feature_tests.cxx.obj
/p/psg/swip/releases6/acdskit/25.3/109/linux64/riscfree/toolchain/riscv32-unknown-elf/bin/riscv32-unknown-elf-g++    -std=c++2a -o CMakeFiles/cmTC_a5a63.dir/feature_tests.cxx.obj -c /nfs/site/disks/swuser_work_knithink/25.3/git/release/agilex5e-nios-ed/niosv_g/niosv_g_webserver_ping/sources/sw/app_freertos/build/CMakeFiles/feature_tests.cxx
Linking CXX static library libcmTC_a5a63.a
/nfs/site/disks/psg_ctools_1/cmake/3.14.2/linux64/suse/bin/cmake -P CMakeFiles/cmTC_a5a63.dir/cmake_clean_target.cmake
/nfs/site/disks/psg_ctools_1/cmake/3.14.2/linux64/suse/bin/cmake -E cmake_link_script CMakeFiles/cmTC_a5a63.dir/link.txt --verbose=1
riscv32-unknown-elf-ar qc libcmTC_a5a63.a  CMakeFiles/cmTC_a5a63.dir/feature_tests.cxx.obj
/p/psg/swip/releases6/acdskit/25.3/109/linux64/riscfree/toolchain/riscv32-unknown-elf/bin/riscv32-unknown-elf-ranlib libcmTC_a5a63.a
gmake[1]: Leaving directory '/nfs/site/disks/swuser_work_knithink/25.3/git/release/agilex5e-nios-ed/niosv_g/niosv_g_webserver_ping/sources/sw/app_freertos/build/CMakeFiles/CMakeTmp'


    Feature record: CXX_FEATURE:1cxx_aggregate_default_initializers
    Feature record: CXX_FEATURE:1cxx_alias_templates
    Feature record: CXX_FEATURE:1cxx_alignas
    Feature record: CXX_FEATURE:1cxx_alignof
    Feature record: CXX_FEATURE:1cxx_attributes
    Feature record: CXX_FEATURE:1cxx_attribute_deprecated
    Feature record: CXX_FEATURE:1cxx_auto_type
    Feature record: CXX_FEATURE:1cxx_binary_literals
    Feature record: CXX_FEATURE:1cxx_constexpr
    Feature record: CXX_FEATURE:1cxx_contextual_conversions
    Feature record: CXX_FEATURE:1cxx_decltype
    Feature record: CXX_FEATURE:1cxx_decltype_auto
    Feature record: CXX_FEATURE:1cxx_decltype_incomplete_return_types
    Feature record: CXX_FEATURE:1cxx_default_function_template_args
    Feature record: CXX_FEATURE:1cxx_defaulted_functions
    Feature record: CXX_FEATURE:1cxx_defaulted_move_initializers
    Feature record: CXX_FEATURE:1cxx_delegating_constructors
    Feature record: CXX_FEATURE:1cxx_deleted_functions
    Feature record: CXX_FEATURE:1cxx_digit_separators
    Feature record: CXX_FEATURE:1cxx_enum_forward_declarations
    Feature record: CXX_FEATURE:1cxx_explicit_conversions
    Feature record: CXX_FEATURE:1cxx_extended_friend_declarations
    Feature record: CXX_FEATURE:1cxx_extern_templates
    Feature record: CXX_FEATURE:1cxx_final
    Feature record: CXX_FEATURE:1cxx_func_identifier
    Feature record: CXX_FEATURE:1cxx_generalized_initializers
    Feature record: CXX_FEATURE:1cxx_generic_lambdas
    Feature record: CXX_FEATURE:1cxx_inheriting_constructors
    Feature record: CXX_FEATURE:1cxx_inline_namespaces
    Feature record: CXX_FEATURE:1cxx_lambdas
    Feature record: CXX_FEATURE:1cxx_lambda_init_captures
    Feature record: CXX_FEATURE:1cxx_local_type_template_args
    Feature record: CXX_FEATURE:1cxx_long_long_type
    Feature record: CXX_FEATURE:1cxx_noexcept
    Feature record: CXX_FEATURE:1cxx_nonstatic_member_init
    Feature record: CXX_FEATURE:1cxx_nullptr
    Feature record: CXX_FEATURE:1cxx_override
    Feature record: CXX_FEATURE:1cxx_range_for
    Feature record: CXX_FEATURE:1cxx_raw_string_literals
    Feature record: CXX_FEATURE:1cxx_reference_qualified_functions
    Feature record: CXX_FEATURE:1cxx_relaxed_constexpr
    Feature record: CXX_FEATURE:1cxx_return_type_deduction
    Feature record: CXX_FEATURE:1cxx_right_angle_brackets
    Feature record: CXX_FEATURE:1cxx_rvalue_references
    Feature record: CXX_FEATURE:1cxx_sizeof_member
    Feature record: CXX_FEATURE:1cxx_static_assert
    Feature record: CXX_FEATURE:1cxx_strong_enums
    Feature record: CXX_FEATURE:1cxx_template_template_parameters
    Feature record: CXX_FEATURE:1cxx_thread_local
    Feature record: CXX_FEATURE:1cxx_trailing_return_types
    Feature record: CXX_FEATURE:1cxx_unicode_literals
    Feature record: CXX_FEATURE:1cxx_uniform_initialization
    Feature record: CXX_FEATURE:1cxx_unrestricted_unions
    Feature record: CXX_FEATURE:1cxx_user_literals
    Feature record: CXX_FEATURE:1cxx_variable_templates
    Feature record: CXX_FEATURE:1cxx_variadic_macros
    Feature record: CXX_FEATURE:1cxx_variadic_templates


Detecting CXX [-std=c++17] compiler features compiled with the following output:
Change Dir: /nfs/site/disks/swuser_work_knithink/25.3/git/release/agilex5e-nios-ed/niosv_g/niosv_g_webserver_ping/sources/sw/app_freertos/build/CMakeFiles/CMakeTmp

Run Build Command(s):/usr/intel/bin/gmake cmTC_38a3c/fast 
/usr/intel/bin/gmake -f CMakeFiles/cmTC_38a3c.dir/build.make CMakeFiles/cmTC_38a3c.dir/build
gmake[1]: Entering directory '/nfs/site/disks/swuser_work_knithink/25.3/git/release/agilex5e-nios-ed/niosv_g/niosv_g_webserver_ping/sources/sw/app_freertos/build/CMakeFiles/CMakeTmp'
Building CXX object CMakeFiles/cmTC_38a3c.dir/feature_tests.cxx.obj
/p/psg/swip/releases6/acdskit/25.3/109/linux64/riscfree/toolchain/riscv32-unknown-elf/bin/riscv32-unknown-elf-g++    -std=c++17 -o CMakeFiles/cmTC_38a3c.dir/feature_tests.cxx.obj -c /nfs/site/disks/swuser_work_knithink/25.3/git/release/agilex5e-nios-ed/niosv_g/niosv_g_webserver_ping/sources/sw/app_freertos/build/CMakeFiles/feature_tests.cxx
Linking CXX static library libcmTC_38a3c.a
/nfs/site/disks/psg_ctools_1/cmake/3.14.2/linux64/suse/bin/cmake -P CMakeFiles/cmTC_38a3c.dir/cmake_clean_target.cmake
/nfs/site/disks/psg_ctools_1/cmake/3.14.2/linux64/suse/bin/cmake -E cmake_link_script CMakeFiles/cmTC_38a3c.dir/link.txt --verbose=1
riscv32-unknown-elf-ar qc libcmTC_38a3c.a  CMakeFiles/cmTC_38a3c.dir/feature_tests.cxx.obj
/p/psg/swip/releases6/acdskit/25.3/109/linux64/riscfree/toolchain/riscv32-unknown-elf/bin/riscv32-unknown-elf-ranlib libcmTC_38a3c.a
gmake[1]: Leaving directory '/nfs/site/disks/swuser_work_knithink/25.3/git/release/agilex5e-nios-ed/niosv_g/niosv_g_webserver_ping/sources/sw/app_freertos/build/CMakeFiles/CMakeTmp'


    Feature record: CXX_FEATURE:1cxx_aggregate_default_initializers
    Feature record: CXX_FEATURE:1cxx_alias_templates
    Feature record: CXX_FEATURE:1cxx_alignas
    Feature record: CXX_FEATURE:1cxx_alignof
    Feature record: CXX_FEATURE:1cxx_attributes
    Feature record: CXX_FEATURE:1cxx_attribute_deprecated
    Feature record: CXX_FEATURE:1cxx_auto_type
    Feature record: CXX_FEATURE:1cxx_binary_literals
    Feature record: CXX_FEATURE:1cxx_constexpr
    Feature record: CXX_FEATURE:1cxx_contextual_conversions
    Feature record: CXX_FEATURE:1cxx_decltype
    Feature record: CXX_FEATURE:1cxx_decltype_auto
    Feature record: CXX_FEATURE:1cxx_decltype_incomplete_return_types
    Feature record: CXX_FEATURE:1cxx_default_function_template_args
    Feature record: CXX_FEATURE:1cxx_defaulted_functions
    Feature record: CXX_FEATURE:1cxx_defaulted_move_initializers
    Feature record: CXX_FEATURE:1cxx_delegating_constructors
    Feature record: CXX_FEATURE:1cxx_deleted_functions
    Feature record: CXX_FEATURE:1cxx_digit_separators
    Feature record: CXX_FEATURE:1cxx_enum_forward_declarations
    Feature record: CXX_FEATURE:1cxx_explicit_conversions
    Feature record: CXX_FEATURE:1cxx_extended_friend_declarations
    Feature record: CXX_FEATURE:1cxx_extern_templates
    Feature record: CXX_FEATURE:1cxx_final
    Feature record: CXX_FEATURE:1cxx_func_identifier
    Feature record: CXX_FEATURE:1cxx_generalized_initializers
    Feature record: CXX_FEATURE:1cxx_generic_lambdas
    Feature record: CXX_FEATURE:1cxx_inheriting_constructors
    Feature record: CXX_FEATURE:1cxx_inline_namespaces
    Feature record: CXX_FEATURE:1cxx_lambdas
    Feature record: CXX_FEATURE:1cxx_lambda_init_captures
    Feature record: CXX_FEATURE:1cxx_local_type_template_args
    Feature record: CXX_FEATURE:1cxx_long_long_type
    Feature record: CXX_FEATURE:1cxx_noexcept
    Feature record: CXX_FEATURE:1cxx_nonstatic_member_init
    Feature record: CXX_FEATURE:1cxx_nullptr
    Feature record: CXX_FEATURE:1cxx_override
    Feature record: CXX_FEATURE:1cxx_range_for
    Feature record: CXX_FEATURE:1cxx_raw_string_literals
    Feature record: CXX_FEATURE:1cxx_reference_qualified_functions
    Feature record: CXX_FEATURE:1cxx_relaxed_constexpr
    Feature record: CXX_FEATURE:1cxx_return_type_deduction
    Feature record: CXX_FEATURE:1cxx_right_angle_brackets
    Feature record: CXX_FEATURE:1cxx_rvalue_references
    Feature record: CXX_FEATURE:1cxx_sizeof_member
    Feature record: CXX_FEATURE:1cxx_static_assert
    Feature record: CXX_FEATURE:1cxx_strong_enums
    Feature record: CXX_FEATURE:1cxx_template_template_parameters
    Feature record: CXX_FEATURE:1cxx_thread_local
    Feature record: CXX_FEATURE:1cxx_trailing_return_types
    Feature record: CXX_FEATURE:1cxx_unicode_literals
    Feature record: CXX_FEATURE:1cxx_uniform_initialization
    Feature record: CXX_FEATURE:1cxx_unrestricted_unions
    Feature record: CXX_FEATURE:1cxx_user_literals
    Feature record: CXX_FEATURE:1cxx_variable_templates
    Feature record: CXX_FEATURE:1cxx_variadic_macros
    Feature record: CXX_FEATURE:1cxx_variadic_templates


Detecting CXX [-std=c++14] compiler features compiled with the following output:
Change Dir: /nfs/site/disks/swuser_work_knithink/25.3/git/release/agilex5e-nios-ed/niosv_g/niosv_g_webserver_ping/sources/sw/app_freertos/build/CMakeFiles/CMakeTmp

Run Build Command(s):/usr/intel/bin/gmake cmTC_ea661/fast 
/usr/intel/bin/gmake -f CMakeFiles/cmTC_ea661.dir/build.make CMakeFiles/cmTC_ea661.dir/build
gmake[1]: Entering directory '/nfs/site/disks/swuser_work_knithink/25.3/git/release/agilex5e-nios-ed/niosv_g/niosv_g_webserver_ping/sources/sw/app_freertos/build/CMakeFiles/CMakeTmp'
Building CXX object CMakeFiles/cmTC_ea661.dir/feature_tests.cxx.obj
/p/psg/swip/releases6/acdskit/25.3/109/linux64/riscfree/toolchain/riscv32-unknown-elf/bin/riscv32-unknown-elf-g++    -std=c++14 -o CMakeFiles/cmTC_ea661.dir/feature_tests.cxx.obj -c /nfs/site/disks/swuser_work_knithink/25.3/git/release/agilex5e-nios-ed/niosv_g/niosv_g_webserver_ping/sources/sw/app_freertos/build/CMakeFiles/feature_tests.cxx
Linking CXX static library libcmTC_ea661.a
/nfs/site/disks/psg_ctools_1/cmake/3.14.2/linux64/suse/bin/cmake -P CMakeFiles/cmTC_ea661.dir/cmake_clean_target.cmake
/nfs/site/disks/psg_ctools_1/cmake/3.14.2/linux64/suse/bin/cmake -E cmake_link_script CMakeFiles/cmTC_ea661.dir/link.txt --verbose=1
riscv32-unknown-elf-ar qc libcmTC_ea661.a  CMakeFiles/cmTC_ea661.dir/feature_tests.cxx.obj
/p/psg/swip/releases6/acdskit/25.3/109/linux64/riscfree/toolchain/riscv32-unknown-elf/bin/riscv32-unknown-elf-ranlib libcmTC_ea661.a
gmake[1]: Leaving directory '/nfs/site/disks/swuser_work_knithink/25.3/git/release/agilex5e-nios-ed/niosv_g/niosv_g_webserver_ping/sources/sw/app_freertos/build/CMakeFiles/CMakeTmp'


    Feature record: CXX_FEATURE:1cxx_aggregate_default_initializers
    Feature record: CXX_FEATURE:1cxx_alias_templates
    Feature record: CXX_FEATURE:1cxx_alignas
    Feature record: CXX_FEATURE:1cxx_alignof
    Feature record: CXX_FEATURE:1cxx_attributes
    Feature record: CXX_FEATURE:1cxx_attribute_deprecated
    Feature record: CXX_FEATURE:1cxx_auto_type
    Feature record: CXX_FEATURE:1cxx_binary_literals
    Feature record: CXX_FEATURE:1cxx_constexpr
    Feature record: CXX_FEATURE:1cxx_contextual_conversions
    Feature record: CXX_FEATURE:1cxx_decltype
    Feature record: CXX_FEATURE:1cxx_decltype_auto
    Feature record: CXX_FEATURE:1cxx_decltype_incomplete_return_types
    Feature record: CXX_FEATURE:1cxx_default_function_template_args
    Feature record: CXX_FEATURE:1cxx_defaulted_functions
    Feature record: CXX_FEATURE:1cxx_defaulted_move_initializers
    Feature record: CXX_FEATURE:1cxx_delegating_constructors
    Feature record: CXX_FEATURE:1cxx_deleted_functions
    Feature record: CXX_FEATURE:1cxx_digit_separators
    Feature record: CXX_FEATURE:1cxx_enum_forward_declarations
    Feature record: CXX_FEATURE:1cxx_explicit_conversions
    Feature record: CXX_FEATURE:1cxx_extended_friend_declarations
    Feature record: CXX_FEATURE:1cxx_extern_templates
    Feature record: CXX_FEATURE:1cxx_final
    Feature record: CXX_FEATURE:1cxx_func_identifier
    Feature record: CXX_FEATURE:1cxx_generalized_initializers
    Feature record: CXX_FEATURE:1cxx_generic_lambdas
    Feature record: CXX_FEATURE:1cxx_inheriting_constructors
    Feature record: CXX_FEATURE:1cxx_inline_namespaces
    Feature record: CXX_FEATURE:1cxx_lambdas
    Feature record: CXX_FEATURE:1cxx_lambda_init_captures
    Feature record: CXX_FEATURE:1cxx_local_type_template_args
    Feature record: CXX_FEATURE:1cxx_long_long_type
    Feature record: CXX_FEATURE:1cxx_noexcept
    Feature record: CXX_FEATURE:1cxx_nonstatic_member_init
    Feature record: CXX_FEATURE:1cxx_nullptr
    Feature record: CXX_FEATURE:1cxx_override
    Feature record: CXX_FEATURE:1cxx_range_for
    Feature record: CXX_FEATURE:1cxx_raw_string_literals
    Feature record: CXX_FEATURE:1cxx_reference_qualified_functions
    Feature record: CXX_FEATURE:1cxx_relaxed_constexpr
    Feature record: CXX_FEATURE:1cxx_return_type_deduction
    Feature record: CXX_FEATURE:1cxx_right_angle_brackets
    Feature record: CXX_FEATURE:1cxx_rvalue_references
    Feature record: CXX_FEATURE:1cxx_sizeof_member
    Feature record: CXX_FEATURE:1cxx_static_assert
    Feature record: CXX_FEATURE:1cxx_strong_enums
    Feature record: CXX_FEATURE:1cxx_template_template_parameters
    Feature record: CXX_FEATURE:1cxx_thread_local
    Feature record: CXX_FEATURE:1cxx_trailing_return_types
    Feature record: CXX_FEATURE:1cxx_unicode_literals
    Feature record: CXX_FEATURE:1cxx_uniform_initialization
    Feature record: CXX_FEATURE:1cxx_unrestricted_unions
    Feature record: CXX_FEATURE:1cxx_user_literals
    Feature record: CXX_FEATURE:1cxx_variable_templates
    Feature record: CXX_FEATURE:1cxx_variadic_macros
    Feature record: CXX_FEATURE:1cxx_variadic_templates


Detecting CXX [-std=c++11] compiler features compiled with the following output:
Change Dir: /nfs/site/disks/swuser_work_knithink/25.3/git/release/agilex5e-nios-ed/niosv_g/niosv_g_webserver_ping/sources/sw/app_freertos/build/CMakeFiles/CMakeTmp

Run Build Command(s):/usr/intel/bin/gmake cmTC_a4e7d/fast 
/usr/intel/bin/gmake -f CMakeFiles/cmTC_a4e7d.dir/build.make CMakeFiles/cmTC_a4e7d.dir/build
gmake[1]: Entering directory '/nfs/site/disks/swuser_work_knithink/25.3/git/release/agilex5e-nios-ed/niosv_g/niosv_g_webserver_ping/sources/sw/app_freertos/build/CMakeFiles/CMakeTmp'
Building CXX object CMakeFiles/cmTC_a4e7d.dir/feature_tests.cxx.obj
/p/psg/swip/releases6/acdskit/25.3/109/linux64/riscfree/toolchain/riscv32-unknown-elf/bin/riscv32-unknown-elf-g++    -std=c++11 -o CMakeFiles/cmTC_a4e7d.dir/feature_tests.cxx.obj -c /nfs/site/disks/swuser_work_knithink/25.3/git/release/agilex5e-nios-ed/niosv_g/niosv_g_webserver_ping/sources/sw/app_freertos/build/CMakeFiles/feature_tests.cxx
Linking CXX static library libcmTC_a4e7d.a
/nfs/site/disks/psg_ctools_1/cmake/3.14.2/linux64/suse/bin/cmake -P CMakeFiles/cmTC_a4e7d.dir/cmake_clean_target.cmake
/nfs/site/disks/psg_ctools_1/cmake/3.14.2/linux64/suse/bin/cmake -E cmake_link_script CMakeFiles/cmTC_a4e7d.dir/link.txt --verbose=1
riscv32-unknown-elf-ar qc libcmTC_a4e7d.a  CMakeFiles/cmTC_a4e7d.dir/feature_tests.cxx.obj
/p/psg/swip/releases6/acdskit/25.3/109/linux64/riscfree/toolchain/riscv32-unknown-elf/bin/riscv32-unknown-elf-ranlib libcmTC_a4e7d.a
gmake[1]: Leaving directory '/nfs/site/disks/swuser_work_knithink/25.3/git/release/agilex5e-nios-ed/niosv_g/niosv_g_webserver_ping/sources/sw/app_freertos/build/CMakeFiles/CMakeTmp'


    Feature record: CXX_FEATURE:0cxx_aggregate_default_initializers
    Feature record: CXX_FEATURE:1cxx_alias_templates
    Feature record: CXX_FEATURE:1cxx_alignas
    Feature record: CXX_FEATURE:1cxx_alignof
    Feature record: CXX_FEATURE:1cxx_attributes
    Feature record: CXX_FEATURE:0cxx_attribute_deprecated
    Feature record: CXX_FEATURE:1cxx_auto_type
    Feature record: CXX_FEATURE:0cxx_binary_literals
    Feature record: CXX_FEATURE:1cxx_constexpr
    Feature record: CXX_FEATURE:0cxx_contextual_conversions
    Feature record: CXX_FEATURE:1cxx_decltype
    Feature record: CXX_FEATURE:0cxx_decltype_auto
    Feature record: CXX_FEATURE:1cxx_decltype_incomplete_return_types
    Feature record: CXX_FEATURE:1cxx_default_function_template_args
    Feature record: CXX_FEATURE:1cxx_defaulted_functions
    Feature record: CXX_FEATURE:1cxx_defaulted_move_initializers
    Feature record: CXX_FEATURE:1cxx_delegating_constructors
    Feature record: CXX_FEATURE:1cxx_deleted_functions
    Feature record: CXX_FEATURE:0cxx_digit_separators
    Feature record: CXX_FEATURE:1cxx_enum_forward_declarations
    Feature record: CXX_FEATURE:1cxx_explicit_conversions
    Feature record: CXX_FEATURE:1cxx_extended_friend_declarations
    Feature record: CXX_FEATURE:1cxx_extern_templates
    Feature record: CXX_FEATURE:1cxx_final
    Feature record: CXX_FEATURE:1cxx_func_identifier
    Feature record: CXX_FEATURE:1cxx_generalized_initializers
    Feature record: CXX_FEATURE:0cxx_generic_lambdas
    Feature record: CXX_FEATURE:1cxx_inheriting_constructors
    Feature record: CXX_FEATURE:1cxx_inline_namespaces
    Feature record: CXX_FEATURE:1cxx_lambdas
    Feature record: CXX_FEATURE:0cxx_lambda_init_captures
    Feature record: CXX_FEATURE:1cxx_local_type_template_args
    Feature record: CXX_FEATURE:1cxx_long_long_type
    Feature record: CXX_FEATURE:1cxx_noexcept
    Feature record: CXX_FEATURE:1cxx_nonstatic_member_init
    Feature record: CXX_FEATURE:1cxx_nullptr
    Feature record: CXX_FEATURE:1cxx_override
    Feature record: CXX_FEATURE:1cxx_range_for
    Feature record: CXX_FEATURE:1cxx_raw_string_literals
    Feature record: CXX_FEATURE:1cxx_reference_qualified_functions
    Feature record: CXX_FEATURE:0cxx_relaxed_constexpr
    Feature record: CXX_FEATURE:0cxx_return_type_deduction
    Feature record: CXX_FEATURE:1cxx_right_angle_brackets
    Feature record: CXX_FEATURE:1cxx_rvalue_references
    Feature record: CXX_FEATURE:1cxx_sizeof_member
    Feature record: CXX_FEATURE:1cxx_static_assert
    Feature record: CXX_FEATURE:1cxx_strong_enums
    Feature record: CXX_FEATURE:1cxx_template_template_parameters
    Feature record: CXX_FEATURE:1cxx_thread_local
    Feature record: CXX_FEATURE:1cxx_trailing_return_types
    Feature record: CXX_FEATURE:1cxx_unicode_literals
    Feature record: CXX_FEATURE:1cxx_uniform_initialization
    Feature record: CXX_FEATURE:1cxx_unrestricted_unions
    Feature record: CXX_FEATURE:1cxx_user_literals
    Feature record: CXX_FEATURE:0cxx_variable_templates
    Feature record: CXX_FEATURE:1cxx_variadic_macros
    Feature record: CXX_FEATURE:1cxx_variadic_templates


Detecting CXX [-std=c++98] compiler features compiled with the following output:
Change Dir: /nfs/site/disks/swuser_work_knithink/25.3/git/release/agilex5e-nios-ed/niosv_g/niosv_g_webserver_ping/sources/sw/app_freertos/build/CMakeFiles/CMakeTmp

Run Build Command(s):/usr/intel/bin/gmake cmTC_c28dd/fast 
/usr/intel/bin/gmake -f CMakeFiles/cmTC_c28dd.dir/build.make CMakeFiles/cmTC_c28dd.dir/build
gmake[1]: Entering directory '/nfs/site/disks/swuser_work_knithink/25.3/git/release/agilex5e-nios-ed/niosv_g/niosv_g_webserver_ping/sources/sw/app_freertos/build/CMakeFiles/CMakeTmp'
Building CXX object CMakeFiles/cmTC_c28dd.dir/feature_tests.cxx.obj
/p/psg/swip/releases6/acdskit/25.3/109/linux64/riscfree/toolchain/riscv32-unknown-elf/bin/riscv32-unknown-elf-g++    -std=c++98 -o CMakeFiles/cmTC_c28dd.dir/feature_tests.cxx.obj -c /nfs/site/disks/swuser_work_knithink/25.3/git/release/agilex5e-nios-ed/niosv_g/niosv_g_webserver_ping/sources/sw/app_freertos/build/CMakeFiles/feature_tests.cxx
Linking CXX static library libcmTC_c28dd.a
/nfs/site/disks/psg_ctools_1/cmake/3.14.2/linux64/suse/bin/cmake -P CMakeFiles/cmTC_c28dd.dir/cmake_clean_target.cmake
/nfs/site/disks/psg_ctools_1/cmake/3.14.2/linux64/suse/bin/cmake -E cmake_link_script CMakeFiles/cmTC_c28dd.dir/link.txt --verbose=1
riscv32-unknown-elf-ar qc libcmTC_c28dd.a  CMakeFiles/cmTC_c28dd.dir/feature_tests.cxx.obj
/p/psg/swip/releases6/acdskit/25.3/109/linux64/riscfree/toolchain/riscv32-unknown-elf/bin/riscv32-unknown-elf-ranlib libcmTC_c28dd.a
gmake[1]: Leaving directory '/nfs/site/disks/swuser_work_knithink/25.3/git/release/agilex5e-nios-ed/niosv_g/niosv_g_webserver_ping/sources/sw/app_freertos/build/CMakeFiles/CMakeTmp'


    Feature record: CXX_FEATURE:0cxx_aggregate_default_initializers
    Feature record: CXX_FEATURE:0cxx_alias_templates
    Feature record: CXX_FEATURE:0cxx_alignas
    Feature record: CXX_FEATURE:0cxx_alignof
    Feature record: CXX_FEATURE:0cxx_attributes
    Feature record: CXX_FEATURE:0cxx_attribute_deprecated
    Feature record: CXX_FEATURE:0cxx_auto_type
    Feature record: CXX_FEATURE:0cxx_binary_literals
    Feature record: CXX_FEATURE:0cxx_constexpr
    Feature record: CXX_FEATURE:0cxx_contextual_conversions
    Feature record: CXX_FEATURE:0cxx_decltype
    Feature record: CXX_FEATURE:0cxx_decltype_auto
    Feature record: CXX_FEATURE:0cxx_decltype_incomplete_return_types
    Feature record: CXX_FEATURE:0cxx_default_function_template_args
    Feature record: CXX_FEATURE:0cxx_defaulted_functions
    Feature record: CXX_FEATURE:0cxx_defaulted_move_initializers
    Feature record: CXX_FEATURE:0cxx_delegating_constructors
    Feature record: CXX_FEATURE:0cxx_deleted_functions
    Feature record: CXX_FEATURE:0cxx_digit_separators
    Feature record: CXX_FEATURE:0cxx_enum_forward_declarations
    Feature record: CXX_FEATURE:0cxx_explicit_conversions
    Feature record: CXX_FEATURE:0cxx_extended_friend_declarations
    Feature record: CXX_FEATURE:0cxx_extern_templates
    Feature record: CXX_FEATURE:0cxx_final
    Feature record: CXX_FEATURE:0cxx_func_identifier
    Feature record: CXX_FEATURE:0cxx_generalized_initializers
    Feature record: CXX_FEATURE:0cxx_generic_lambdas
    Feature record: CXX_FEATURE:0cxx_inheriting_constructors
    Feature record: CXX_FEATURE:0cxx_inline_namespaces
    Feature record: CXX_FEATURE:0cxx_lambdas
    Feature record: CXX_FEATURE:0cxx_lambda_init_captures
    Feature record: CXX_FEATURE:0cxx_local_type_template_args
    Feature record: CXX_FEATURE:0cxx_long_long_type
    Feature record: CXX_FEATURE:0cxx_noexcept
    Feature record: CXX_FEATURE:0cxx_nonstatic_member_init
    Feature record: CXX_FEATURE:0cxx_nullptr
    Feature record: CXX_FEATURE:0cxx_override
    Feature record: CXX_FEATURE:0cxx_range_for
    Feature record: CXX_FEATURE:0cxx_raw_string_literals
    Feature record: CXX_FEATURE:0cxx_reference_qualified_functions
    Feature record: CXX_FEATURE:0cxx_relaxed_constexpr
    Feature record: CXX_FEATURE:0cxx_return_type_deduction
    Feature record: CXX_FEATURE:0cxx_right_angle_brackets
    Feature record: CXX_FEATURE:0cxx_rvalue_references
    Feature record: CXX_FEATURE:0cxx_sizeof_member
    Feature record: CXX_FEATURE:0cxx_static_assert
    Feature record: CXX_FEATURE:0cxx_strong_enums
    Feature record: CXX_FEATURE:1cxx_template_template_parameters
    Feature record: CXX_FEATURE:0cxx_thread_local
    Feature record: CXX_FEATURE:0cxx_trailing_return_types
    Feature record: CXX_FEATURE:0cxx_unicode_literals
    Feature record: CXX_FEATURE:0cxx_uniform_initialization
    Feature record: CXX_FEATURE:0cxx_unrestricted_unions
    Feature record: CXX_FEATURE:0cxx_user_literals
    Feature record: CXX_FEATURE:0cxx_variable_templates
    Feature record: CXX_FEATURE:0cxx_variadic_macros
    Feature record: CXX_FEATURE:0cxx_variadic_templates
Checking whether the ASM compiler is GNU using "--version" matched "(GNU assembler)|(GCC)|(Free Software Foundation)":
riscv32-unknown-elf-gcc (GCC) 13.2.0
Copyright (C) 2023 Free Software Foundation, Inc.
This is free software; see the source for copying conditions.  There is NO
warranty; not even for MERCHANTABILITY or FITNESS FOR A PARTICULAR PURPOSE.

