Info: Generated by version: 25.3 build 109
Info: Starting: Create simulation model
Info: qsys-generate /nfs/site/disks/swuser_work_knithink/25.3/git/release/agilex5e-nios-ed/niosv_g/niosv_g_webserver_ping/sources/hw/issp.ip --simulation=VERILOG --allow-mixed-language-simulation --simulator=MODELSIM --output-directory=/nfs/site/disks/swuser_work_knithink/25.3/git/release/agilex5e-nios-ed/niosv_g/niosv_g_webserver_ping/sources/hw/issp --family="Agilex 5" --part=A5ED065BB32AE6SR0
Info: issp: "Transforming system: issp"
Info: issp: "Naming system components in system: issp"
Info: issp: "Processing generation queue"
Info: issp: "Generating: issp"
Info: issp: "Generating: altsource_probe"
Info: issp: Done "issp" with 2 modules, 2 files
Info: Generating the following file(s) for MODELSIM simulator in /nfs/site/disks/swuser_work_knithink/25.3/git/release/agilex5e-nios-ed/niosv_g/niosv_g_webserver_ping/sources/hw/issp/sim/ directory:
Info: 	common/modelsim_files.tcl
Info: For information on how to simulate your IP, see the explanatory comments in the simulator-specific subdirectories under /nfs/site/disks/swuser_work_knithink/25.3/git/release/agilex5e-nios-ed/niosv_g/niosv_g_webserver_ping/sources/hw/issp/sim/.
Info: Regenerate these scripts whenever you make any change to any Quartus-generated IP in your project.
Info: Finished: Create simulation model
Info: Starting: Create simulation script
Info: sim-script-gen --system-file=/nfs/site/disks/swuser_work_knithink/25.3/git/release/agilex5e-nios-ed/niosv_g/niosv_g_webserver_ping/sources/hw/issp.ip --simulator=MODELSIM --output-directory=/nfs/site/disks/swuser_work_knithink/25.3/git/release/agilex5e-nios-ed/niosv_g/niosv_g_webserver_ping/sources/hw/issp/sim/ --use-relative-paths=true
Info: Generating the following file(s) for MODELSIM simulator in /nfs/site/disks/swuser_work_knithink/25.3/git/release/agilex5e-nios-ed/niosv_g/niosv_g_webserver_ping/sources/hw/issp/sim/ directory:
Info: 	mentor/msim_setup.tcl
Info: 	mentor/run_msim_setup.tcl
Info: For information on how to simulate your IP, see the explanatory comments in the simulator-specific subdirectories under /nfs/site/disks/swuser_work_knithink/25.3/git/release/agilex5e-nios-ed/niosv_g/niosv_g_webserver_ping/sources/hw/issp/sim/.
Info: Regenerate these scripts whenever you make any change to any Quartus-generated IP in your project.
Info: Finished: Create simulation script
Info: 
Info: Starting: Create HDL design files for synthesis
Info: qsys-generate /nfs/site/disks/swuser_work_knithink/25.3/git/release/agilex5e-nios-ed/niosv_g/niosv_g_webserver_ping/sources/hw/issp.ip --synthesis=VERILOG --output-directory=/nfs/site/disks/swuser_work_knithink/25.3/git/release/agilex5e-nios-ed/niosv_g/niosv_g_webserver_ping/sources/hw/issp --family="Agilex 5" --part=A5ED065BB32AE6SR0
Info: issp: "Transforming system: issp"
Info: issp: "Naming system components in system: issp"
Info: issp: "Processing generation queue"
Info: issp: "Generating: issp"
Info: issp: "Generating: altsource_probe_top"
Info: issp: Done "issp" with 2 modules, 3 files
Info: Finished: Create HDL design files for synthesis
